Component: ARM Compiler 5.06 update 7 (build 960) Tool: armlink [4d3601]

==============================================================================

Section Cross References

    startup_stm32f10x_hd.o(STACK) refers (Special) to heapauxi.o(.text) for __use_two_region_memory
    startup_stm32f10x_hd.o(HEAP) refers (Special) to heapauxi.o(.text) for __use_two_region_memory
    startup_stm32f10x_hd.o(RESET) refers (Special) to heapauxi.o(.text) for __use_two_region_memory
    startup_stm32f10x_hd.o(RESET) refers to startup_stm32f10x_hd.o(STACK) for __initial_sp
    startup_stm32f10x_hd.o(RESET) refers to startup_stm32f10x_hd.o(.text) for Reset_Handler
    startup_stm32f10x_hd.o(RESET) refers to stm32f10x_it.o(i.NMI_Handler) for NMI_Handler
    startup_stm32f10x_hd.o(RESET) refers to stm32f10x_it.o(i.HardFault_Handler) for HardFault_Handler
    startup_stm32f10x_hd.o(RESET) refers to stm32f10x_it.o(i.MemManage_Handler) for MemManage_Handler
    startup_stm32f10x_hd.o(RESET) refers to stm32f10x_it.o(i.BusFault_Handler) for BusFault_Handler
    startup_stm32f10x_hd.o(RESET) refers to stm32f10x_it.o(i.UsageFault_Handler) for UsageFault_Handler
    startup_stm32f10x_hd.o(RESET) refers to port.o(.emb_text) for SVC_Handler
    startup_stm32f10x_hd.o(RESET) refers to stm32f10x_it.o(i.DebugMon_Handler) for DebugMon_Handler
    startup_stm32f10x_hd.o(RESET) refers to port.o(i.SysTick_Handler) for SysTick_Handler
    startup_stm32f10x_hd.o(.text) refers (Special) to heapauxi.o(.text) for __use_two_region_memory
    startup_stm32f10x_hd.o(.text) refers to system_stm32f10x.o(i.SystemInit) for SystemInit
    startup_stm32f10x_hd.o(.text) refers to __main.o(!!!main) for __main
    startup_stm32f10x_hd.o(.text) refers to startup_stm32f10x_hd.o(HEAP) for Heap_Mem
    startup_stm32f10x_hd.o(.text) refers to startup_stm32f10x_hd.o(STACK) for Stack_Mem
    system_stm32f10x.o(i.SetSysClock) refers to system_stm32f10x.o(i.SetSysClockTo72) for SetSysClockTo72
    system_stm32f10x.o(i.SystemCoreClockUpdate) refers to system_stm32f10x.o(.data) for SystemCoreClock
    system_stm32f10x.o(i.SystemInit) refers to system_stm32f10x.o(i.SystemInit_ExtMemCtl) for SystemInit_ExtMemCtl
    system_stm32f10x.o(i.SystemInit) refers to system_stm32f10x.o(i.SetSysClock) for SetSysClock
    stm32f10x_adc.o(i.ADC_DeInit) refers to stm32f10x_rcc.o(i.RCC_APB2PeriphResetCmd) for RCC_APB2PeriphResetCmd
    stm32f10x_bkp.o(i.BKP_DeInit) refers to stm32f10x_rcc.o(i.RCC_BackupResetCmd) for RCC_BackupResetCmd
    stm32f10x_can.o(i.CAN_DeInit) refers to stm32f10x_rcc.o(i.RCC_APB1PeriphResetCmd) for RCC_APB1PeriphResetCmd
    stm32f10x_can.o(i.CAN_GetITStatus) refers to stm32f10x_can.o(i.CheckITStatus) for CheckITStatus
    stm32f10x_cec.o(i.CEC_DeInit) refers to stm32f10x_rcc.o(i.RCC_APB1PeriphResetCmd) for RCC_APB1PeriphResetCmd
    stm32f10x_dac.o(i.DAC_DeInit) refers to stm32f10x_rcc.o(i.RCC_APB1PeriphResetCmd) for RCC_APB1PeriphResetCmd
    stm32f10x_flash.o(i.FLASH_EnableWriteProtection) refers to stm32f10x_flash.o(i.FLASH_WaitForLastOperation) for FLASH_WaitForLastOperation
    stm32f10x_flash.o(i.FLASH_EraseAllBank1Pages) refers to stm32f10x_flash.o(i.FLASH_WaitForLastBank1Operation) for FLASH_WaitForLastBank1Operation
    stm32f10x_flash.o(i.FLASH_EraseAllPages) refers to stm32f10x_flash.o(i.FLASH_WaitForLastOperation) for FLASH_WaitForLastOperation
    stm32f10x_flash.o(i.FLASH_EraseOptionBytes) refers to stm32f10x_flash.o(i.FLASH_GetReadOutProtectionStatus) for FLASH_GetReadOutProtectionStatus
    stm32f10x_flash.o(i.FLASH_EraseOptionBytes) refers to stm32f10x_flash.o(i.FLASH_WaitForLastOperation) for FLASH_WaitForLastOperation
    stm32f10x_flash.o(i.FLASH_ErasePage) refers to stm32f10x_flash.o(i.FLASH_WaitForLastOperation) for FLASH_WaitForLastOperation
    stm32f10x_flash.o(i.FLASH_ProgramHalfWord) refers to stm32f10x_flash.o(i.FLASH_WaitForLastOperation) for FLASH_WaitForLastOperation
    stm32f10x_flash.o(i.FLASH_ProgramOptionByteData) refers to stm32f10x_flash.o(i.FLASH_WaitForLastOperation) for FLASH_WaitForLastOperation
    stm32f10x_flash.o(i.FLASH_ProgramWord) refers to stm32f10x_flash.o(i.FLASH_WaitForLastOperation) for FLASH_WaitForLastOperation
    stm32f10x_flash.o(i.FLASH_ReadOutProtection) refers to stm32f10x_flash.o(i.FLASH_WaitForLastOperation) for FLASH_WaitForLastOperation
    stm32f10x_flash.o(i.FLASH_UserOptionByteConfig) refers to stm32f10x_flash.o(i.FLASH_WaitForLastOperation) for FLASH_WaitForLastOperation
    stm32f10x_flash.o(i.FLASH_WaitForLastBank1Operation) refers to stm32f10x_flash.o(i.FLASH_GetBank1Status) for FLASH_GetBank1Status
    stm32f10x_flash.o(i.FLASH_WaitForLastOperation) refers to stm32f10x_flash.o(i.FLASH_GetBank1Status) for FLASH_GetBank1Status
    stm32f10x_gpio.o(i.GPIO_AFIODeInit) refers to stm32f10x_rcc.o(i.RCC_APB2PeriphResetCmd) for RCC_APB2PeriphResetCmd
    stm32f10x_gpio.o(i.GPIO_DeInit) refers to stm32f10x_rcc.o(i.RCC_APB2PeriphResetCmd) for RCC_APB2PeriphResetCmd
[...]
    ../clib/stdio.c                          0x00000000   Number         0  fflush.o ABSOLUTE
    ../clib/stdio.c                          0x00000000   Number         0  fwritefast.o ABSOLUTE
    ../clib/stdio.c                          0x00000000   Number         0  stdio.o ABSOLUTE
    ../clib/stdio.c                          0x00000000   Number         0  fseek.o ABSOLUTE
    ../clib/stdio.c                          0x00000000   Number         0  initio.o ABSOLUTE
    ../clib/stdio.c                          0x00000000   Number         0  fopen_locked.o ABSOLUTE
    ../clib/stdio.c                          0x00000000   Number         0  setvbuf_locked.o ABSOLUTE
    ../clib/stdio.c                          0x00000000   Number         0  fclose.o ABSOLUTE
    ../clib/stdlib.c                         0x00000000   Number         0  exit.o ABSOLUTE
    ../clib/string.c                         0x00000000   Number         0  memcmp.o ABSOLUTE
    ../clib/string.c                         0x00000000   Number         0  strchr.o ABSOLUTE
    ../clib/string.c                         0x00000000   Number         0  strlen.o ABSOLUTE
    ../clib/string.c                         0x00000000   Number         0  strcpy.o ABSOLUTE
    ../clib/wchar.c                          0x00000000   Number         0  flsbuf_fwide.o ABSOLUTE
    ../fplib/daddsub.s                       0x00000000   Number         0  daddsub_clz.o ABSOLUTE
    ../fplib/dcmpi.s                         0x00000000   Number         0  dcmpi.o ABSOLUTE
    ../fplib/ddiv.s                          0x00000000   Number         0  ddiv.o ABSOLUTE
    ../fplib/deqf.s                          0x00000000   Number         0  deqf.o ABSOLUTE
    ../fplib/dfix.s                          0x00000000   Number         0  dfix.o ABSOLUTE
    ../fplib/dflt.s                          0x00000000   Number         0  dflt_clz.o ABSOLUTE
    ../fplib/dleqf.s                         0x00000000   Number         0  dleqf.o ABSOLUTE
    ../fplib/dmul.s                          0x00000000   Number         0  dmul.o ABSOLUTE
    ../fplib/dnaninf.s                       0x00000000   Number         0  dnaninf.o ABSOLUTE
    ../fplib/dretinf.s                       0x00000000   Number         0  dretinf.o ABSOLUTE
    ../fplib/drleqf.s                        0x00000000   Number         0  drleqf.o ABSOLUTE
    ../fplib/faddsub.s                       0x00000000   Number         0  faddsub_clz.o ABSOLUTE
    ../fplib/fcmpi.s                         0x00000000   Number         0  fcmpi.o ABSOLUTE
    ../fplib/fdiv.s                          0x00000000   Number         0  fdiv.o ABSOLUTE
    ../fplib/feqf.s                          0x00000000   Number         0  feqf.o ABSOLUTE
    ../fplib/ffix.s                          0x00000000   Number         0  ffix.o ABSOLUTE
    ../fplib/ffixu.s                         0x00000000   Number         0  ffixu.o ABSOLUTE
    ../fplib/fflt.s                          0x00000000   Number         0  fflt_clz.o ABSOLUTE
    ../fplib/fleqf.s                         0x00000000   Number         0  fleqf.o ABSOLUTE
    ../fplib/fmul.s                          0x00000000   Number         0  fmul.o ABSOLUTE
    ../fplib/fnaninf.s                       0x00000000   Number         0  fnaninf.o ABSOLUTE
    ../fplib/fpinit.s                        0x00000000   Number         0  fpinit.o ABSOLUTE
    ../fplib/fretinf.s                       0x00000000   Number         0  fretinf.o ABSOLUTE
    ../fplib/frleqf.s                        0x00000000   Number         0  frleqf.o ABSOLUTE
    ../fplib/usenofp.s                       0x00000000   Number         0  usenofp.o ABSOLUTE
    ..\DRIVER\BSP\24CXX\24cxx.c              0x00000000   Number         0  24cxx.o ABSOLUTE
    ..\DRIVER\BSP\BUZZER\buzzer.c            0x00000000   Number         0  buzzer.o ABSOLUTE
    ..\DRIVER\BSP\DHT11\DHT11.c              0x00000000   Number         0  dht11.o ABSOLUTE
    ..\DRIVER\BSP\FLASH\flash.c              0x00000000   Number         0  flash.o ABSOLUTE
    ..\DRIVER\BSP\LED\led.c                  0x00000000   Number         0  led.o ABSOLUTE
    ..\DRIVER\BSP\SD\mmc_sd.c                0x00000000   Number         0  mmc_sd.o ABSOLUTE
    ..\DRIVER\BSP\SRAM\sram.c                0x00000000   Number         0  sram.o ABSOLUTE
    ..\DRIVER\BSP\TFT2.8\GUI.c               0x00000000   Number         0  gui.o ABSOLUTE
    ..\DRIVER\BSP\TFT2.8\lcd.c               0x00000000   Number         0  lcd.o ABSOLUTE
    ..\DRIVER\CMSIS\core_cm3.c               0x00000000   Number         0  core_cm3.o ABSOLUTE
    ..\DRIVER\CMSIS\startup_stm32f10x_hd.s   0x00000000   Number         0  startup_stm32f10x_hd.o ABSOLUTE
    ..\DRIVER\CMSIS\system_stm32f10x.c       0x00000000   Number         0  system_stm32f10x.o ABSOLUTE
    ..\DRIVER\FWLIB\src\misc.c               0x00000000   Number         0  misc.o ABSOLUTE
    ..\DRIVER\FWLIB\src\stm32f10x_adc.c      0x00000000   Number         0  stm32f10x_adc.o ABSOLUTE
    ..\DRIVER\FWLIB\src\stm32f10x_bkp.c      0x00000000   Number         0  stm32f10x_bkp.o ABSOLUTE
    ..\DRIVER\FWLIB\src\stm32f10x_can.c      0x00000000   Number         0  stm32f10x_can.o ABSOLUTE
    ..\DRIVER\FWLIB\src\stm32f10x_cec.c      0x00000000   Number         0  stm32f10x_cec.o ABSOLUTE
    ..\DRIVER\FWLIB\src\stm32f10x_crc.c      0x00000000   Number         0  stm32f10x_crc.o ABSOLUTE
    ..\DRIVER\FWLIB\src\stm32f10x_dac.c      0x00000000   Number         0  stm32f10x_dac.o ABSOLUTE
    ..\DRIVER\FWLIB\src\stm32f10x_dbgmcu.c   0x00000000   Number         0  stm32f10x_dbgmcu.o ABSOLUTE
    ..\DRIVER\FWLIB\src\stm32f10x_dma.c      0x00000000   Number         0  stm32f10x_dma.o ABSOLUTE
    ..\DRIVER\FWLIB\src\stm32f10x_exti.c     0x00000000   Number         0  stm32f10x_exti.o ABSOLUTE
    ..\DRIVER\FWLIB\src\stm32f10x_flash.c    0x00000000   Number         0  stm32f10x_flash.o ABSOLUTE
    ..\DRIVER\FWLIB\src\stm32f10x_fsmc.c     0x00000000   Number         0  stm32f10x_fsmc.o ABSOLUTE
    ..\DRIVER\FWLIB\src\stm32f10x_gpio.c     0x00000000   Number         0  stm32f10x_gpio.o ABSOLUTE
    ..\DRIVER\FWLIB\src\stm32f10x_i2c.c      0x00000000   Number         0  stm32f10x_i2c.o ABSOLUTE
    ..\DRIVER\FWLIB\src\stm32f10x_iwdg.c     0x00000000   Number         0  stm32f10x_iwdg.o ABSOLUTE
    ..\DRIVER\FWLIB\src\stm32f10x_pwr.c      0x00000000   Number         0  stm32f10x_pwr.o ABSOLUTE
    ..\DRIVER\FWLIB\src\stm32f10x_rcc.c      0x00000000   Number         0  stm32f10x_rcc.o ABSOLUTE
    ..\DRIVER\FWLIB\src\stm32f10x_rtc.c      0x00000000   Number         0  stm32f10x_rtc.o ABSOLUTE
    ..\DRIVER\FWLIB\src\stm32f10x_sdio.c     0x00000000   Number         0  stm32f10x_sdio.o ABSOLUTE
    ..\DRIVER\FWLIB\src\stm32f10x_spi.c      0x00000000   Number         0  stm32f10x_spi.o ABSOLUTE
    ..\DRIVER\FWLIB\src\stm32f10x_tim.c      0x00000000   Number         0  stm32f10x_tim.o ABSOLUTE
    ..\DRIVER\FWLIB\src\stm32f10x_usart.c    0x00000000   Number         0  stm32f10x_usart.o ABSOLUTE
    ..\DRIVER\FWLIB\src\stm32f10x_wwdg.c     0x00000000   Number         0  stm32f10x_wwdg.o ABSOLUTE
    ..\DRIVER\FWLIB\stm32f10x_it.c           0x00000000   Number         0  stm32f10x_it.o ABSOLUTE
    ..\DRIVER\MYDRIVE\adc.c                  0x00000000   Number         0  adc.o ABSOLUTE
    ..\DRIVER\MYDRIVE\delay.c                0x00000000   Number         0  delay.o ABSOLUTE
    ..\DRIVER\MYDRIVE\myiic.c                0x00000000   Number         0  myiic.o ABSOLUTE
    ..\DRIVER\MYDRIVE\pwm.c                  0x00000000   Number         0  pwm.o ABSOLUTE
    ..\DRIVER\MYDRIVE\spi.c                  0x00000000   Number         0  spi.o ABSOLUTE
    ..\MIDWARE\FATFS\exfuns\exfuns.c         0x00000000   Number         0  exfuns.o ABSOLUTE
    ..\MIDWARE\FATFS\exfuns\fattester.c      0x00000000   Number         0  fattester.o ABSOLUTE
    ..\MIDWARE\FATFS\exfuns\mycc936.c        0x00000000   Number         0  mycc936.o ABSOLUTE
    ..\MIDWARE\FATFS\source\diskio.c         0x00000000   Number         0  diskio.o ABSOLUTE
    ..\MIDWARE\FATFS\source\ff.c             0x00000000   Number         0  ff.o ABSOLUTE
    ..\MIDWARE\FATFS\source\ffsystem.c       0x00000000   Number         0  ffsystem.o ABSOLUTE
    ..\MIDWARE\FATFS\source\ffunicode.c      0x00000000   Number         0  ffunicode.o ABSOLUTE
    ..\MIDWARE\FreeRTOS\croutine.c           0x00000000   Number         0  croutine.o ABSOLUTE
    ..\MIDWARE\FreeRTOS\event_groups.c       0x00000000   Number         0  event_groups.o ABSOLUTE
    ..\MIDWARE\FreeRTOS\list.c               0x00000000   Number         0  list.o ABSOLUTE
    ..\MIDWARE\FreeRTOS\portable\MemMang\heap_4.c 0x00000000   Number         0  heap_4.o ABSOLUTE
    ..\MIDWARE\FreeRTOS\portable\RVDS\ARM_CM3\port.c 0x00000000   Number         0  port.o ABSOLUTE
    ..\MIDWARE\FreeRTOS\queue.c              0x00000000   Number         0  queue.o ABSOLUTE
    ..\MIDWARE\FreeRTOS\stream_buffer.c      0x00000000   Number         0  stream_buffer.o ABSOLUTE
    ..\MIDWARE\FreeRTOS\tasks.c              0x00000000   Number         0  tasks.o ABSOLUTE
    ..\MIDWARE\FreeRTOS\timers.c             0x00000000   Number         0  timers.o ABSOLUTE
    ..\USER\FONT\fontupdate.c                0x00000000   Number         0  fontupdate.o ABSOLUTE
    ..\USER\THERMOMETER\thermometer_app.c    0x00000000   Number         0  thermometer_app.o ABSOLUTE
    ..\USER\main.c                           0x00000000   Number         0  main.o ABSOLUTE
    ..\USER\mytask.c                         0x00000000   Number         0  mytask.o ABSOLUTE
    ..\USER\test.c                           0x00000000   Number         0  test.o ABSOLUTE
    ..\\DRIVER\\CMSIS\\core_cm3.c            0x00000000   Number         0  core_cm3.o ABSOLUTE
    ..\\MIDWARE\\FreeRTOS\\portable\\RVDS\\ARM_CM3\\port.c 0x00000000   Number         0  port.o ABSOLUTE
    dc.s                                     0x00000000   Number         0  dc.o ABSOLUTE
    RESET                                    0x08000000   Section      304  startup_stm32f10x_hd.o(RESET)
    !!!main                                  0x08000130   Section        8  __main.o(!!!main)
    !!!scatter                               0x08000138   Section       52  __scatter.o(!!!scatter)
    !!handler_copy                           0x0800016c   Section       26  __scatter_copy.o(!!handler_copy)
    !!handler_zi                             0x08000188   Section       28  __scatter_zi.o(!!handler_zi)
    .ARM.Collect$$libinit$$00000000          0x080001a4   Section        2  libinit.o(.ARM.Collect$$libinit$$00000000)
    .ARM.Collect$$libinit$$00000002          0x080001a6   Section        0  libinit2.o(.ARM.Collect$$libinit$$00000002)
    .ARM.Collect$$libinit$$00000004          0x080001a6   Section        0  libinit2.o(.ARM.Collect$$libinit$$00000004)
    .ARM.Collect$$libinit$$0000000A          0x080001a6   Section        0  libinit2.o(.ARM.Collect$$libinit$$0000000A)
    .ARM.Collect$$libinit$$0000000C          0x080001a6   Section        0  libinit2.o(.ARM.Collect$$libinit$$0000000C)
    .ARM.Collect$$libinit$$0000000E          0x080001a6   Section        0  libinit2.o(.ARM.Collect$$libinit$$0000000E)
    .ARM.Collect$$libinit$$00000011          0x080001a6   Section        0  libinit2.o(.ARM.Collect$$libinit$$00000011)
    .ARM.Collect$$libinit$$00000013          0x080001a6   Section        0  libinit2.o(.ARM.Collect$$libinit$$00000013)
    .ARM.Collect$$libinit$$00000015          0x080001a6   Section        0  libinit2.o(.ARM.Collect$$libinit$$00000015)
    .ARM.Collect$$libinit$$00000017          0x080001a6   Section        0  libinit2.o(.ARM.Collect$$libinit$$00000017)
    .ARM.Collect$$libinit$$00000019          0x080001a6   Section        0  libinit2.o(.ARM.Collect$$libinit$$00000019)
    .ARM.Collect$$libinit$$0000001B          0x080001a6   Section        0  libinit2.o(.ARM.Collect$$libinit$$0000001B)
    .ARM.Collect$$libinit$$0000001D          0x080001a6   Section        0  libinit2.o(.ARM.Collect$$libinit$$0000001D)
    .ARM.Collect$$libinit$$0000001F          0x080001a6   Section        0  libinit2.o(.ARM.Collect$$libinit$$0000001F)
    .ARM.Collect$$libinit$$00000021          0x080001a6   Section        0  libinit2.o(.ARM.Collect$$libinit$$00000021)
    .ARM.Collect$$libinit$$00000023          0x080001a6   Section        0  libinit2.o(.ARM.Collect$$libinit$$00000023)
    .ARM.Collect$$libinit$$00000025          0x080001a6   Section        0  libinit2.o(.ARM.Collect$$libinit$$00000025)
    .ARM.Collect$$libinit$$0000002C          0x080001a6   Section        0  libinit2.o(.ARM.Collect$$libinit$$0000002C)
    .ARM.Collect$$libinit$$0000002E          0x080001a6   Section        0  libinit2.o(.ARM.Collect$$libinit$$0000002E)
    .ARM.Collect$$libinit$$00000030          0x080001a6   Section        0  libinit2.o(.ARM.Collect$$libinit$$00000030)
    .ARM.Collect$$libinit$$00000032          0x080001a6   Section        0  libinit2.o(.ARM.Collect$$libinit$$00000032)
    .ARM.Collect$$libinit$$00000033          0x080001a6   Section        2  libinit2.o(.ARM.Collect$$libinit$$00000033)
    .ARM.Collect$$libshutdown$$00000000      0x080001a8   Section        2  libshutdown.o(.ARM.Collect$$libshutdown$$00000000)
    .ARM.Collect$$libshutdown$$00000002      0x080001aa   Section        0  libshutdown2.o(.ARM.Collect$$libshutdown$$00000002)
    .ARM.Collect$$libshutdown$$00000004      0x080001aa   Section        0  libshutdown2.o(.ARM.Collect$$libshutdown$$00000004)
    .ARM.Collect$$libshutdown$$00000006      0x080001aa   Section        0  libshutdown2.o(.ARM.Collect$$libshutdown$$00000006)
    .ARM.Collect$$libshutdown$$00000009      0x080001aa   Section        0  libshutdown2.o(.ARM.Collect$$libshutdown$$00000009)
    .ARM.Collect$$libshutdown$$0000000C      0x080001aa   Section        0  libshutdown2.o(.ARM.Collect$$libshutdown$$0000000C)
    .ARM.Collect$$libshutdown$$0000000E      0x080001aa   Section        0  libshutdown2.o(.ARM.Collect$$libshutdown$$0000000E)
    .ARM.Collect$$libshutdown$$00000011      0x080001aa   Section        0  libshutdown2.o(.ARM.Collect$$libshutdown$$00000011)
    .ARM.Collect$$libshutdown$$00000012      0x080001aa   Section        2  libshutdown2.o(.ARM.Collect$$libshutdown$$00000012)
    .ARM.Collect$$rtentry$$00000000          0x080001ac   Section        0  __rtentry.o(.ARM.Collect$$rtentry$$00000000)
    .ARM.Collect$$rtentry$$00000002          0x080001ac   Section        0  __rtentry2.o(.ARM.Collect$$rtentry$$00000002)
    .ARM.Collect$$rtentry$$00000004          0x080001ac   Section        6  __rtentry4.o(.ARM.Collect$$rtentry$$00000004)
    .ARM.Collect$$rtentry$$00000009          0x080001b2   Section        0  __rtentry2.o(.ARM.Collect$$rtentry$$00000009)
    .ARM.Collect$$rtentry$$0000000A          0x080001b2   Section        4  __rtentry2.o(.ARM.Collect$$rtentry$$0000000A)
    .ARM.Collect$$rtentry$$0000000C          0x080001b6   Section        0  __rtentry2.o(.ARM.Collect$$rtentry$$0000000C)
    .ARM.Collect$$rtentry$$0000000D          0x080001b6   Section        8  __rtentry2.o(.ARM.Collect$$rtentry$$0000000D)
    .ARM.Collect$$rtexit$$00000000           0x080001be   Section        2  rtexit.o(.ARM.Collect$$rtexit$$00000000)
    .ARM.Collect$$rtexit$$00000002           0x080001c0   Section        0  rtexit2.o(.ARM.Collect$$rtexit$$00000002)
    .ARM.Collect$$rtexit$$00000003           0x080001c0   Section        4  rtexit2.o(.ARM.Collect$$rtexit$$00000003)
    .ARM.Collect$$rtexit$$00000004           0x080001c4   Section        6  rtexit2.o(.ARM.Collect$$rtexit$$00000004)
    .emb_text                                0x080001cc   Section      150  port.o(.emb_text)
    .text                                    0x08000264   Section       64  startup_stm32f10x_hd.o(.text)
    .text                                    0x080002a4   Section        0  strlen.o(.text)
    .text                                    0x080002e2   Section       78  rt_memclr_w.o(.text)
    .text                                    0x08000330   Section        0  heapauxi.o(.text)
    .text                                    0x08000336   Section       74  sys_stackheap_outer.o(.text)
    .text                                    0x08000380   Section        0  exit.o(.text)
    .text                                    0x08000394   Section        8  libspace.o(.text)
    .text                                    0x0800039c   Section        2  use_no_semi.o(.text)
    .text                                    0x0800039e   Section        0  indicate_semi.o(.text)
    .text                                    0x080003a0   Section        0  sys_exit.o(.text)
    i.AT24CXX_Init                           0x080003ac   Section        0  24cxx.o(i.AT24CXX_Init)
    i.Adc_Init                               0x080003b4   Section        0  adc.o(i.Adc_Init)
    i.App_Task1                              0x08000518   Section        0  mytask.o(i.App_Task1)
    i.App_Task2                              0x0800053e   Section        0  mytask.o(i.App_Task2)
    i.BusFault_Handler                       0x08000542   Section        0  stm32f10x_it.o(i.BusFault_Handler)
    i.Buzzer_Init                            0x08000548   Section        0  buzzer.o(i.Buzzer_Init)
    i.DHT11_COM                              0x08000564   Section        0  dht11.o(i.DHT11_COM)
    i.DHT11_GET_RH                           0x08000678   Section        0  dht11.o(i.DHT11_GET_RH)
    i.DHT11_init                             0x08000870   Section        0  dht11.o(i.DHT11_init)
    i.DebugMon_Handler                       0x080008cc   Section        0  stm32f10x_it.o(i.DebugMon_Handler)
    i.Draw_Button                            0x080008d0   Section        0  gui.o(i.Draw_Button)
    i.Draw_Circle                            0x08000a1c   Section        0  gui.o(i.Draw_Circle)
    i.Draw_Fill_Rectangle                    0x08000ab8   Section        0  gui.o(i.Draw_Fill_Rectangle)
    i.Draw_Line                              0x08000b2c   Section        0  gui.o(i.Draw_Line)
    i.Draw_Point                             0x08000bdc   Section        0  gui.o(i.Draw_Point)
    i.GPIO_Init                              0x08000bf4   Section        0  stm32f10x_gpio.o(i.GPIO_Init)
    i.GPIO_ReadInputDataBit                  0x08000d0a   Section        0  stm32f10x_gpio.o(i.GPIO_ReadInputDataBit)
    i.GPIO_ResetBits                         0x08000d1c   Section        0  stm32f10x_gpio.o(i.GPIO_ResetBits)
    i.GPIO_SetBits                           0x08000d20   Section        0  stm32f10x_gpio.o(i.GPIO_SetBits)
    i.GUI_DrawPoint                          0x08000d24   Section        0  gui.o(i.GUI_DrawPoint)
    i.Get_HzMat                              0x08000d3c   Section        0  fontupdate.o(i.Get_HzMat)
    i.HardFault_Handler                      0x08000e18   Section        0  stm32f10x_it.o(i.HardFault_Handler)
    i.IIC_Init                               0x08000e1c   Section        0  myiic.o(i.IIC_Init)
    i.LCD_Clear                              0x08000e58   Section        0  lcd.o(i.LCD_Clear)
    i.LCD_DrawPoint                          0x08000ebc   Section        0  lcd.o(i.LCD_DrawPoint)
    i.LCD_GPIOInit                           0x08000ed8   Section        0  lcd.o(i.LCD_GPIOInit)
    i.LCD_Init                               0x08000f54   Section        0  lcd.o(i.LCD_Init)
    i.LCD_RESET                              0x080011a8   Section        0  lcd.o(i.LCD_RESET)
    i.LCD_SetCursor                          0x080011c8   Section        0  lcd.o(i.LCD_SetCursor)
    i.LCD_SetWindows                         0x080011dc   Section        0  lcd.o(i.LCD_SetWindows)
    i.LCD_ShowChar                           0x08001234   Section        0  gui.o(i.LCD_ShowChar)
    i.LCD_ShowNum                            0x08001358   Section        0  gui.o(i.LCD_ShowNum)
    i.LCD_WR_DATA                            0x08001408   Section        0  lcd.o(i.LCD_WR_DATA)
    i.LCD_WR_REG                             0x08001434   Section        0  lcd.o(i.LCD_WR_REG)
    i.LCD_WriteRAM_Prepare                   0x08001460   Section        0  lcd.o(i.LCD_WriteRAM_Prepare)
    i.LCD_WriteReg                           0x08001470   Section        0  lcd.o(i.LCD_WriteReg)
    i.LCD_direction                          0x08001484   Section        0  lcd.o(i.LCD_direction)
    i.LED_Init                               0x08001508   Section        0  led.o(i.LED_Init)
    i.Lcd_WriteData_16Bit                    0x0800153c   Section        0  lcd.o(i.Lcd_WriteData_16Bit)
    i.MemManage_Handler                      0x08001570   Section        0  stm32f10x_it.o(i.MemManage_Handler)
    i.Mytask_Init                            0x08001574   Section        0  mytask.o(i.Mytask_Init)
    i.NMI_Handler                            0x080015cc   Section        0  stm32f10x_it.o(i.NMI_Handler)
    i.NVIC_PriorityGroupConfig               0x080015d0   Section        0  misc.o(i.NVIC_PriorityGroupConfig)
    i.RCC_APB1PeriphClockCmd                 0x080015e4   Section        0  stm32f10x_rcc.o(i.RCC_APB1PeriphClockCmd)
    i.RCC_APB2PeriphClockCmd                 0x08001604   Section        0  stm32f10x_rcc.o(i.RCC_APB2PeriphClockCmd)
    i.SPI2_Init                              0x08001624   Section        0  spi.o(i.SPI2_Init)
    i.SPI2_RW_Byte                           0x080016b0   Section        0  spi.o(i.SPI2_RW_Byte)
    i.SPI3_RW_Byte                           0x08001708   Section        0  spi.o(i.SPI3_RW_Byte)
    i.SPI_Cmd                                0x08001760   Section        0  stm32f10x_spi.o(i.SPI_Cmd)
    i.SPI_Flash_Read                         0x08001778   Section        0  flash.o(i.SPI_Flash_Read)
    i.SPI_Init                               0x080017cc   Section        0  stm32f10x_spi.o(i.SPI_Init)
    i.SetSysClock                            0x08001808   Section        0  system_stm32f10x.o(i.SetSysClock)
    SetSysClock                              0x08001809   Thumb Code     8  system_stm32f10x.o(i.SetSysClock)
    i.SetSysClockTo72                        0x08001810   Section        0  system_stm32f10x.o(i.SetSysClockTo72)
    SetSysClockTo72                          0x08001811   Thumb Code   214  system_stm32f10x.o(i.SetSysClockTo72)
    i.ShowChar                               0x080018f0   Section        0  gui.o(i.ShowChar)
    i.ShowFont                               0x08001a14   Section        0  gui.o(i.ShowFont)
    i.ShowFontStr                            0x08001ad4   Section        0  gui.o(i.ShowFontStr)
    i.ShowFontStrButton                      0x08001b6c   Section        0  gui.o(i.ShowFontStrButton)
    i.SysTick_CLKSourceConfig                0x08001bae   Section        0  misc.o(i.SysTick_CLKSourceConfig)
    i.SysTick_Handler                        0x08001bd8   Section        0  port.o(i.SysTick_Handler)
    i.SysTick_Init                           0x08001c0c   Section        0  delay.o(i.SysTick_Init)
    i.SystemInit                             0x08001c40   Section        0  system_stm32f10x.o(i.SystemInit)
    i.SystemInit_ExtMemCtl                   0x08001ca4   Section        0  system_stm32f10x.o(i.SystemInit_ExtMemCtl)
    SystemInit_ExtMemCtl                     0x08001ca5   Thumb Code    82  system_stm32f10x.o(i.SystemInit_ExtMemCtl)
    i.TIM1_PWM_init                          0x08001d20   Section        0  pwm.o(i.TIM1_PWM_init)
    i.UsageFault_Handler                     0x08001dc8   Section        0  stm32f10x_it.o(i.UsageFault_Handler)
    i._draw_circle_8                         0x08001dcc   Section        0  gui.o(i._draw_circle_8)
    i.delay_ms                               0x08001e50   Section        0  delay.o(i.delay_ms)
    i.delay_us                               0x08001e5c   Section        0  delay.o(i.delay_us)
    i.main                                   0x08001eb2   Section        0  main.o(i.main)
    i.mypow                                  0x08001ece   Section        0  gui.o(i.mypow)
    i.prvAddCurrentTaskToDelayedList         0x08001ee4   Section        0  tasks.o(i.prvAddCurrentTaskToDelayedList)
    prvAddCurrentTaskToDelayedList           0x08001ee5   Thumb Code   164  tasks.o(i.prvAddCurrentTaskToDelayedList)
    i.prvAddNewTaskToReadyList               0x08001fa4   Section        0  tasks.o(i.prvAddNewTaskToReadyList)
    prvAddNewTaskToReadyList                 0x08001fa5   Thumb Code   200  tasks.o(i.prvAddNewTaskToReadyList)
    i.prvCheckTasksWaitingTermination        0x08002088   Section        0  tasks.o(i.prvCheckTasksWaitingTermination)
    prvCheckTasksWaitingTermination          0x08002089   Thumb Code    60  tasks.o(i.prvCheckTasksWaitingTermination)
    i.prvDeleteTCB                           0x080020d0   Section        0  tasks.o(i.prvDeleteTCB)
    prvDeleteTCB                             0x080020d1   Thumb Code    18  tasks.o(i.prvDeleteTCB)
    i.prvHeapInit                            0x080020e4   Section        0  heap_4.o(i.prvHeapInit)
    prvHeapInit                              0x080020e5   Thumb Code    90  heap_4.o(i.prvHeapInit)
    i.prvIdleTask                            0x08002154   Section        0  tasks.o(i.prvIdleTask)
    prvIdleTask                              0x08002155   Thumb Code    32  tasks.o(i.prvIdleTask)
    i.prvInitialiseNewTask                   0x0800217c   Section        0  tasks.o(i.prvInitialiseNewTask)
    prvInitialiseNewTask                     0x0800217d   Thumb Code   122  tasks.o(i.prvInitialiseNewTask)
    i.prvInitialiseTaskLists                 0x080021f8   Section        0  tasks.o(i.prvInitialiseTaskLists)
    prvInitialiseTaskLists                   0x080021f9   Thumb Code    70  tasks.o(i.prvInitialiseTaskLists)
    i.prvInsertBlockIntoFreeList             0x08002260   Section        0  heap_4.o(i.prvInsertBlockIntoFreeList)
    prvInsertBlockIntoFreeList               0x08002261   Thumb Code    96  heap_4.o(i.prvInsertBlockIntoFreeList)
    i.prvResetNextTaskUnblockTime            0x080022c8   Section        0  tasks.o(i.prvResetNextTaskUnblockTime)
    prvResetNextTaskUnblockTime              0x080022c9   Thumb Code    40  tasks.o(i.prvResetNextTaskUnblockTime)
    i.prvTaskExitError                       0x080022f8   Section        0  port.o(i.prvTaskExitError)
    prvTaskExitError                         0x080022f9   Thumb Code    22  port.o(i.prvTaskExitError)
    i.pvPortMalloc                           0x08002310   Section        0  heap_4.o(i.pvPortMalloc)
    i.pxPortInitialiseStack                  0x080023f4   Section        0  port.o(i.pxPortInitialiseStack)
    i.thermometer_app                        0x08002418   Section        0  thermometer_app.o(i.thermometer_app)
    i.uxListRemove                           0x08003300   Section        0  list.o(i.uxListRemove)
    i.vListInitialise                        0x08003328   Section        0  list.o(i.vListInitialise)
    i.vListInitialiseItem                    0x08003342   Section        0  list.o(i.vListInitialiseItem)
    i.vListInsert                            0x08003348   Section        0  list.o(i.vListInsert)
    i.vPortEnterCritical                     0x0800337c   Section        0  port.o(i.vPortEnterCritical)
    i.vPortExitCritical                      0x080033a0   Section        0  port.o(i.vPortExitCritical)
    i.vPortFree                              0x080033c0   Section        0  heap_4.o(i.vPortFree)
    i.vPortSetupTimerInterrupt               0x0800340c   Section        0  port.o(i.vPortSetupTimerInterrupt)
    i.vTaskDelay                             0x08003424   Section        0  tasks.o(i.vTaskDelay)
    i.vTaskStartScheduler                    0x08003458   Section        0  tasks.o(i.vTaskStartScheduler)
    i.vTaskSuspendAll                        0x080034c8   Section        0  tasks.o(i.vTaskSuspendAll)
    i.vTaskSwitchContext                     0x080034d8   Section        0  tasks.o(i.vTaskSwitchContext)
    i.xPortStartScheduler                    0x08003538   Section        0  port.o(i.xPortStartScheduler)
    i.xTaskCreate                            0x0800356c   Section        0  tasks.o(i.xTaskCreate)
    i.xTaskIncrementTick                     0x080035d4   Section        0  tasks.o(i.xTaskIncrementTick)
    i.xTaskResumeAll                         0x08003764   Section        0  tasks.o(i.xTaskResumeAll)
    x$fpl$fadd                               0x080038c0   Section      196  faddsub_clz.o(x$fpl$fadd)
    _fadd1                                   0x080038cf   Thumb Code     0  faddsub_clz.o(x$fpl$fadd)
    x$fpl$fcmpinf                            0x08003984   Section       24  fcmpi.o(x$fpl$fcmpinf)
    x$fpl$fdiv                               0x0800399c   Section      388  fdiv.o(x$fpl$fdiv)
    _fdiv1                                   0x0800399d   Thumb Code     0  fdiv.o(x$fpl$fdiv)
    x$fpl$feqf                               0x08003b20   Section      104  feqf.o(x$fpl$feqf)
    x$fpl$ffix                               0x08003b88   Section       54  ffix.o(x$fpl$ffix)
    x$fpl$ffixu                              0x08003bc0   Section       62  ffixu.o(x$fpl$ffixu)
    x$fpl$fflt                               0x08003c00   Section       48  fflt_clz.o(x$fpl$fflt)
    x$fpl$ffltu                              0x08003c30   Section       38  fflt_clz.o(x$fpl$ffltu)
    x$fpl$fleqf                              0x08003c58   Section      104  fleqf.o(x$fpl$fleqf)
    x$fpl$fmul                               0x08003cc0   Section      258  fmul.o(x$fpl$fmul)
    x$fpl$fnaninf                            0x08003dc2   Section      140  fnaninf.o(x$fpl$fnaninf)
    x$fpl$fretinf                            0x08003e4e   Section       10  fretinf.o(x$fpl$fretinf)
    x$fpl$frleqf                             0x08003e58   Section       98  frleqf.o(x$fpl$frleqf)
    x$fpl$frsb                               0x08003eba   Section       20  faddsub_clz.o(x$fpl$frsb)
    x$fpl$fsub                               0x08003ed0   Section      234  faddsub_clz.o(x$fpl$fsub)
    _fsub1                                   0x08003edf   Thumb Code     0  faddsub_clz.o(x$fpl$fsub)
    .constdata                               0x08003fba   Section     5806  gui.o(.constdata)
    x$fpl$usenofp                            0x08003fba   Section        0  usenofp.o(x$fpl$usenofp)
    .data                                    0x20000000   Section        8  delay.o(.data)
    .data                                    0x20000008   Section        6  lcd.o(.data)
    .data                                    0x2000000e   Section        8  dht11.o(.data)
    .data                                    0x20000018   Section       64  tasks.o(.data)
    pxDelayedTaskList                        0x2000001c   Data           4  tasks.o(.data)
    pxOverflowDelayedTaskList                0x20000020   Data           4  tasks.o(.data)
    uxDeletedTasksWaitingCleanUp             0x20000024   Data           4  tasks.o(.data)
    uxCurrentNumberOfTasks                   0x20000028   Data           4  tasks.o(.data)
    xTickCount                               0x2000002c   Data           4  tasks.o(.data)
    uxTopReadyPriority                       0x20000030   Data           4  tasks.o(.data)
    xSchedulerRunning                        0x20000034   Data           4  tasks.o(.data)
    xPendedTicks                             0x20000038   Data           4  tasks.o(.data)
    xYieldPending                            0x2000003c   Data           4  tasks.o(.data)
    xNumOfOverflows                          0x20000040   Data           4  tasks.o(.data)
    uxTaskNumber                             0x20000044   Data           4  tasks.o(.data)
    xNextTaskUnblockTime                     0x20000048   Data           4  tasks.o(.data)
    xIdleTaskHandle                          0x2000004c   Data           4  tasks.o(.data)
    uxSchedulerSuspended                     0x20000054   Data           4  tasks.o(.data)
    .data                                    0x20000058   Section        4  port.o(.data)
    uxCriticalNesting                        0x20000058   Data           4  port.o(.data)
    .bss                                     0x2000005c   Section       24  lcd.o(.bss)
    .bss                                     0x20000074   Section       12  dht11.o(.bss)
    .bss                                     0x20000080   Section      300  tasks.o(.bss)
    pxReadyTasksLists                        0x20000080   Data         200  tasks.o(.bss)
    xDelayedTaskList1                        0x20000148   Data          20  tasks.o(.bss)
    xDelayedTaskList2                        0x2000015c   Data          20  tasks.o(.bss)
    xPendingReadyList                        0x20000170   Data          20  tasks.o(.bss)
    xTasksWaitingTermination                 0x20000184   Data          20  tasks.o(.bss)
    xSuspendedTaskList                       0x20000198   Data          20  tasks.o(.bss)
    .bss                                     0x200001ac   Section       36  fontupdate.o(.bss)
    .bss                                     0x200001d0   Section       96  libspace.o(.bss)
    HEAP                                     0x20000230   Section      512  startup_stm32f10x_hd.o(HEAP)
    Heap_Mem                                 0x20000230   Data         512  startup_stm32f10x_hd.o(HEAP)
    STACK                                    0x20000430   Section     1024  startup_stm32f10x_hd.o(STACK)
    Stack_Mem                                0x20000430   Data        1024  startup_stm32f10x_hd.o(STACK)
    __initial_sp                             0x20000830   Data           0  startup_stm32f10x_hd.o(STACK)
    .data                                    0x68000000   Section       28  heap_4.o(.data)
    xStart                                   0x68000000   Data           8  heap_4.o(.data)
    pxEnd                                    0x68000008   Data           4  heap_4.o(.data)
    xFreeBytesRemaining                      0x6800000c   Data           4  heap_4.o(.data)
    xMinimumEverFreeBytesRemaining           0x68000010   Data           4  heap_4.o(.data)
    xNumberOfSuccessfulAllocations           0x68000014   Data           4  heap_4.o(.data)
    xNumberOfSuccessfulFrees                 0x68000018   Data           4  heap_4.o(.data)
    .bss                                     0x6800001c   Section    1024000  heap_4.o(.bss)
    ucHeap                                   0x6800001c   Data       1024000  heap_4.o(.bss)

    Global Symbols

    Symbol Name                              Value     Ov Type        Size  Object(Section)

    BuildAttributes$$THM_ISAv4$P$D$K$B$S$PE$A:L22UL41UL21$X:L11$S22US41US21$IEEE1$IW$USESV6$~STKCKD$USESV7$~SHL$OTIME$ROPI$EBA8$UX$STANDARDLIB$REQ8$PRES8$EABIv2 0x00000000   Number         0  anon$$obj.o ABSOLUTE
    __ARM_use_no_argv                        0x00000000   Number         0  main.o ABSOLUTE
    __ARM_exceptions_init                     - Undefined Weak Reference
    __alloca_initialize                       - Undefined Weak Reference
    __arm_fini_                               - Undefined Weak Reference
    __arm_preinit_                            - Undefined Weak Reference
    __cpp_initialize__aeabi_                  - Undefined Weak Reference
    __cxa_finalize                            - Undefined Weak Reference
    __rt_locale                               - Undefined Weak Reference
    __sigvec_lookup                           - Undefined Weak Reference
    __user_heap_extent                        - Undefined Weak Reference
    _atexit_init                              - Undefined Weak Reference
    _call_atexit_fns                          - Undefined Weak Reference
    _clock_init                               - Undefined Weak Reference
    _fp_trap_init                             - Undefined Weak Reference
    _fp_trap_shutdown                         - Undefined Weak Reference
    _get_lc_collate                           - Undefined Weak Reference
    _get_lc_ctype                             - Undefined Weak Reference
    _get_lc_monetary                          - Undefined Weak Reference
    _get_lc_numeric                           - Undefined Weak Reference
    _get_lc_time                              - Undefined Weak Reference
    _getenv_init                              - Undefined Weak Reference
    _handle_redirection                       - Undefined Weak Reference
    _mutex_acquire                            - Undefined Weak Reference
    _mutex_free                               - Undefined Weak Reference
    _mutex_release                            - Undefined Weak Reference
    _printf_mbtowc                            - Undefined Weak Reference
    _printf_post_padding                      - Undefined Weak Reference
    _printf_pre_padding                       - Undefined Weak Reference
    _printf_truncate_signed                   - Undefined Weak Reference
    _printf_truncate_unsigned                 - Undefined Weak Reference
    _rand_init                                - Undefined Weak Reference
    _signal_finish                            - Undefined Weak Reference
    _signal_init                              - Undefined Weak Reference
    __Vectors_Size                           0x00000130   Number         0  startup_stm32f10x_hd.o ABSOLUTE
    __Vectors                                0x08000000   Data           4  startup_stm32f10x_hd.o(RESET)
    __Vectors_End                            0x08000130   Data           0  startup_stm32f10x_hd.o(RESET)
    __main                                   0x08000131   Thumb Code     8  __main.o(!!!main)
    __scatterload                            0x08000139   Thumb Code     0  __scatter.o(!!!scatter)
    __scatterload_rt2                        0x08000139   Thumb Code    44  __scatter.o(!!!scatter)
    __scatterload_rt2_thumb_only             0x08000139   Thumb Code     0  __scatter.o(!!!scatter)
    __scatterload_null                       0x08000147   Thumb Code     0  __scatter.o(!!!scatter)
    __scatterload_copy                       0x0800016d   Thumb Code    26  __scatter_copy.o(!!handler_copy)
    __scatterload_zeroinit                   0x08000189   Thumb Code    28  __scatter_zi.o(!!handler_zi)
    __rt_lib_init                            0x080001a5   Thumb Code     0  libinit.o(.ARM.Collect$$libinit$$00000000)
    __rt_lib_init_alloca_1                   0x080001a7   Thumb Code     0  libinit2.o(.ARM.Collect$$libinit$$0000002E)
    __rt_lib_init_argv_1                     0x080001a7   Thumb Code     0  libinit2.o(.ARM.Collect$$libinit$$0000002C)
    __rt_lib_init_atexit_1                   0x080001a7   Thumb Code     0  libinit2.o(.ARM.Collect$$libinit$$0000001B)
    __rt_lib_init_clock_1                    0x080001a7   Thumb Code     0  libinit2.o(.ARM.Collect$$libinit$$00000021)
    __rt_lib_init_cpp_1                      0x080001a7   Thumb Code     0  libinit2.o(.ARM.Collect$$libinit$$00000032)
    __rt_lib_init_exceptions_1               0x080001a7   Thumb Code     0  libinit2.o(.ARM.Collect$$libinit$$00000030)
    __rt_lib_init_fp_1                       0x080001a7   Thumb Code     0  libinit2.o(.ARM.Collect$$libinit$$00000002)
    __rt_lib_init_fp_trap_1                  0x080001a7   Thumb Code     0  libinit2.o(.ARM.Collect$$libinit$$0000001F)
    __rt_lib_init_getenv_1                   0x080001a7   Thumb Code     0  libinit2.o(.ARM.Collect$$libinit$$00000023)
    __rt_lib_init_heap_1                     0x080001a7   Thumb Code     0  libinit2.o(.ARM.Collect$$libinit$$0000000A)
    __rt_lib_init_lc_collate_1               0x080001a7   Thumb Code     0  libinit2.o(.ARM.Collect$$libinit$$00000011)
    __rt_lib_init_lc_ctype_1                 0x080001a7   Thumb Code     0  libinit2.o(.ARM.Collect$$libinit$$00000013)
    __rt_lib_init_lc_monetary_1              0x080001a7   Thumb Code     0  libinit2.o(.ARM.Collect$$libinit$$00000015)
    __rt_lib_init_lc_numeric_1               0x080001a7   Thumb Code     0  libinit2.o(.ARM.Collect$$libinit$$00000017)
    __rt_lib_init_lc_time_1                  0x080001a7   Thumb Code     0  libinit2.o(.ARM.Collect$$libinit$$00000019)
    __rt_lib_init_preinit_1                  0x080001a7   Thumb Code     0  libinit2.o(.ARM.Collect$$libinit$$00000004)
    __rt_lib_init_rand_1                     0x080001a7   Thumb Code     0  libinit2.o(.ARM.Collect$$libinit$$0000000E)
    __rt_lib_init_return                     0x080001a7   Thumb Code     0  libinit2.o(.ARM.Collect$$libinit$$00000033)
    __rt_lib_init_signal_1                   0x080001a7   Thumb Code     0  libinit2.o(.ARM.Collect$$libinit$$0000001D)
    __rt_lib_init_stdio_1                    0x080001a7   Thumb Code     0  libinit2.o(.ARM.Collect$$libinit$$00000025)
    __rt_lib_init_user_alloc_1               0x080001a7   Thumb Code     0  libinit2.o(.ARM.Collect$$libinit$$0000000C)
    __rt_lib_shutdown                        0x080001a9   Thumb Code     0  libshutdown.o(.ARM.Collect$$libshutdown$$00000000)
    __rt_lib_shutdown_cpp_1                  0x080001ab   Thumb Code     0  libshutdown2.o(.ARM.Collect$$libshutdown$$00000004)
    __rt_lib_shutdown_fini_1                 0x080001ab   Thumb Code     0  libshutdown2.o(.ARM.Collect$$libshutdown$$00000002)
    __rt_lib_shutdown_fp_trap_1              0x080001ab   Thumb Code     0  libshutdown2.o(.ARM.Collect$$libshutdown$$00000009)
    __rt_lib_shutdown_heap_1                 0x080001ab   Thumb Code     0  libshutdown2.o(.ARM.Collect$$libshutdown$$00000011)
    __rt_lib_shutdown_return                 0x080001ab   Thumb Code     0  libshutdown2.o(.ARM.Collect$$libshutdown$$00000012)
    __rt_lib_shutdown_signal_1               0x080001ab   Thumb Code     0  libshutdown2.o(.ARM.Collect$$libshutdown$$0000000C)
    __rt_lib_shutdown_stdio_1                0x080001ab   Thumb Code     0  libshutdown2.o(.ARM.Collect$$libshutdown$$00000006)
    __rt_lib_shutdown_user_alloc_1           0x080001ab   Thumb Code     0  libshutdown2.o(.ARM.Collect$$libshutdown$$0000000E)
    __rt_entry                               0x080001ad   Thumb Code     0  __rtentry.o(.ARM.Collect$$rtentry$$00000000)
    __rt_entry_presh_1                       0x080001ad   Thumb Code     0  __rtentry2.o(.ARM.Collect$$rtentry$$00000002)
    __rt_entry_sh                            0x080001ad   Thumb Code     0  __rtentry4.o(.ARM.Collect$$rtentry$$00000004)
    __rt_entry_li                            0x080001b3   Thumb Code     0  __rtentry2.o(.ARM.Collect$$rtentry$$0000000A)
    __rt_entry_postsh_1                      0x080001b3   Thumb Code     0  __rtentry2.o(.ARM.Collect$$rtentry$$00000009)
    __rt_entry_main                          0x080001b7   Thumb Code     0  __rtentry2.o(.ARM.Collect$$rtentry$$0000000D)
    __rt_entry_postli_1                      0x080001b7   Thumb Code     0  __rtentry2.o(.ARM.Collect$$rtentry$$0000000C)
    __rt_exit                                0x080001bf   Thumb Code     0  rtexit.o(.ARM.Collect$$rtexit$$00000000)
    __rt_exit_ls                             0x080001c1   Thumb Code     0  rtexit2.o(.ARM.Collect$$rtexit$$00000003)
    __rt_exit_prels_1                        0x080001c1   Thumb Code     0  rtexit2.o(.ARM.Collect$$rtexit$$00000002)
    __rt_exit_exit                           0x080001c5   Thumb Code     0  rtexit2.o(.ARM.Collect$$rtexit$$00000004)
    SVC_Handler                              0x080001cd   Thumb Code    32  port.o(.emb_text)
    __asm___6_port_c_39a90d8d__prvStartFirstTask 0x080001f1   Thumb Code    28  port.o(.emb_text)
    PendSV_Handler                           0x08000211   Thumb Code    72  port.o(.emb_text)
    vPortGetIPSR                             0x0800025d   Thumb Code     6  port.o(.emb_text)
    Reset_Handler                            0x08000265   Thumb Code     8  startup_stm32f10x_hd.o(.text)
    ADC1_2_IRQHandler                        0x0800027f   Thumb Code     0  startup_stm32f10x_hd.o(.text)
    ADC3_IRQHandler                          0x0800027f   Thumb Code     0  startup_stm32f10x_hd.o(.text)
    CAN1_RX1_IRQHandler                      0x0800027f   Thumb Code     0  startup_stm32f10x_hd.o(.text)
    CAN1_SCE_IRQHandler                      0x0800027f   Thumb Code     0  startup_stm32f10x_hd.o(.text)
    DMA1_Channel1_IRQHandler                 0x0800027f   Thumb Code     0  startup_stm32f10x_hd.o(.text)
    DMA1_Channel2_IRQHandler                 0x0800027f   Thumb Code     0  startup_stm32f10x_hd.o(.text)
    DMA1_Channel3_IRQHandler                 0x0800027f   Thumb Code     0  startup_stm32f10x_hd.o(.text)
    DMA1_Channel4_IRQHandler                 0x0800027f   Thumb Code     0  startup_stm32f10x_hd.o(.text)
    DMA1_Channel5_IRQHandler                 0x0800027f   Thumb Code     0  startup_stm32f10x_hd.o(.text)
    DMA1_Channel6_IRQHandler                 0x0800027f   Thumb Code     0  startup_stm32f10x_hd.o(.text)
    DMA1_Channel7_IRQHandler                 0x0800027f   Thumb Code     0  startup_stm32f10x_hd.o(.text)
    DMA2_Channel1_IRQHandler                 0x0800027f   Thumb Code     0  startup_stm32f10x_hd.o(.text)
    DMA2_Channel2_IRQHandler                 0x0800027f   Thumb Code     0  startup_stm32f10x_hd.o(.text)
    DMA2_Channel3_IRQHandler                 0x0800027f   Thumb Code     0  startup_stm32f10x_hd.o(.text)
    DMA2_Channel4_5_IRQHandler               0x0800027f   Thumb Code     0  startup_stm32f10x_hd.o(.text)
    EXTI0_IRQHandler                         0x0800027f   Thumb Code     0  startup_stm32f10x_hd.o(.text)
    EXTI15_10_IRQHandler                     0x0800027f   Thumb Code     0  startup_stm32f10x_hd.o(.text)
    EXTI1_IRQHandler                         0x0800027f   Thumb Code     0  startup_stm32f10x_hd.o(.text)
    EXTI2_IRQHandler                         0x0800027f   Thumb Code     0  startup_stm32f10x_hd.o(.text)
    EXTI3_IRQHandler                         0x0800027f   Thumb Code     0  startup_stm32f10x_hd.o(.text)
    EXTI4_IRQHandler                         0x0800027f   Thumb Code     0  startup_stm32f10x_hd.o(.text)
    EXTI9_5_IRQHandler                       0x0800027f   Thumb Code     0  startup_stm32f10x_hd.o(.text)
    FLASH_IRQHandler                         0x0800027f   Thumb Code     0  startup_stm32f10x_hd.o(.text)
    FSMC_IRQHandler                          0x0800027f   Thumb Code     0  startup_stm32f10x_hd.o(.text)
    I2C1_ER_IRQHandler                       0x0800027f   Thumb Code     0  startup_stm32f10x_hd.o(.text)
    I2C1_EV_IRQHandler                       0x0800027f   Thumb Code     0  startup_stm32f10x_hd.o(.text)
    I2C2_ER_IRQHandler                       0x0800027f   Thumb Code     0  startup_stm32f10x_hd.o(.text)
    I2C2_EV_IRQHandler                       0x0800027f   Thumb Code     0  startup_stm32f10x_hd.o(.text)
    PVD_IRQHandler                           0x0800027f   Thumb Code     0  startup_stm32f10x_hd.o(.text)
    RCC_IRQHandler                           0x0800027f   Thumb Code     0  startup_stm32f10x_hd.o(.text)
    RTCAlarm_IRQHandler                      0x0800027f   Thumb Code     0  startup_stm32f10x_hd.o(.text)
    RTC_IRQHandler                           0x0800027f   Thumb Code     0  startup_stm32f10x_hd.o(.text)
    SDIO_IRQHandler                          0x0800027f   Thumb Code     0  startup_stm32f10x_hd.o(.text)
    SPI1_IRQHandler                          0x0800027f   Thumb Code     0  startup_stm32f10x_hd.o(.text)
    SPI2_IRQHandler                          0x0800027f   Thumb Code     0  startup_stm32f10x_hd.o(.text)
    SPI3_IRQHandler                          0x0800027f   Thumb Code     0  startup_stm32f10x_hd.o(.text)
    TAMPER_IRQHandler                        0x0800027f   Thumb Code     0  startup_stm32f10x_hd.o(.text)
    TIM1_BRK_IRQHandler                      0x0800027f   Thumb Code     0  startup_stm32f10x_hd.o(.text)
    TIM1_CC_IRQHandler                       0x0800027f   Thumb Code     0  startup_stm32f10x_hd.o(.text)
    TIM1_TRG_COM_IRQHandler                  0x0800027f   Thumb Code     0  startup_stm32f10x_hd.o(.text)
    TIM1_UP_IRQHandler                       0x0800027f   Thumb Code     0  startup_stm32f10x_hd.o(.text)
    TIM2_IRQHandler                          0x0800027f   Thumb Code     0  startup_stm32f10x_hd.o(.text)
    TIM3_IRQHandler                          0x0800027f   Thumb Code     0  startup_stm32f10x_hd.o(.text)
    TIM4_IRQHandler                          0x0800027f   Thumb Code     0  startup_stm32f10x_hd.o(.text)
    TIM5_IRQHandler                          0x0800027f   Thumb Code     0  startup_stm32f10x_hd.o(.text)
    TIM6_IRQHandler                          0x0800027f   Thumb Code     0  startup_stm32f10x_hd.o(.text)
    TIM7_IRQHandler                          0x0800027f   Thumb Code     0  startup_stm32f10x_hd.o(.text)
    TIM8_BRK_IRQHandler                      0x0800027f   Thumb Code     0  startup_stm32f10x_hd.o(.text)
    TIM8_CC_IRQHandler                       0x0800027f   Thumb Code     0  startup_stm32f10x_hd.o(.text)
    TIM8_TRG_COM_IRQHandler                  0x0800027f   Thumb Code     0  startup_stm32f10x_hd.o(.text)
    TIM8_UP_IRQHandler                       0x0800027f   Thumb Code     0  startup_stm32f10x_hd.o(.text)
    UART4_IRQHandler                         0x0800027f   Thumb Code     0  startup_stm32f10x_hd.o(.text)
    UART5_IRQHandler                         0x0800027f   Thumb Code     0  startup_stm32f10x_hd.o(.text)
    USART1_IRQHandler                        0x0800027f   Thumb Code     0  startup_stm32f10x_hd.o(.text)
    USART2_IRQHandler                        0x0800027f   Thumb Code     0  startup_stm32f10x_hd.o(.text)
    USART3_IRQHandler                        0x0800027f   Thumb Code     0  startup_stm32f10x_hd.o(.text)
    USBWakeUp_IRQHandler                     0x0800027f   Thumb Code     0  startup_stm32f10x_hd.o(.text)
    USB_HP_CAN1_TX_IRQHandler                0x0800027f   Thumb Code     0  startup_stm32f10x_hd.o(.text)
    USB_LP_CAN1_RX0_IRQHandler               0x0800027f   Thumb Code     0  startup_stm32f10x_hd.o(.text)
    WWDG_IRQHandler                          0x0800027f   Thumb Code     0  startup_stm32f10x_hd.o(.text)
    __user_initial_stackheap                 0x08000281   Thumb Code     0  startup_stm32f10x_hd.o(.text)
    strlen                                   0x080002a5   Thumb Code    62  strlen.o(.text)
    __aeabi_memclr4                          0x080002e3   Thumb Code     0  rt_memclr_w.o(.text)
    __aeabi_memclr8                          0x080002e3   Thumb Code     0  rt_memclr_w.o(.text)
    __rt_memclr_w                            0x080002e3   Thumb Code    78  rt_memclr_w.o(.text)
    _memset_w                                0x080002e7   Thumb Code     0  rt_memclr_w.o(.text)
    __use_two_region_memory                  0x08000331   Thumb Code     2  heapauxi.o(.text)
    __rt_heap_escrow                         0x08000333   Thumb Code     2  heapauxi.o(.text)
    __rt_heap_expand                         0x08000335   Thumb Code     2  heapauxi.o(.text)
    __user_setup_stackheap                   0x08000337   Thumb Code    74  sys_stackheap_outer.o(.text)
    exit                                     0x08000381   Thumb Code    18  exit.o(.text)
    __user_libspace                          0x08000395   Thumb Code     8  libspace.o(.text)
    __user_perproc_libspace                  0x08000395   Thumb Code     0  libspace.o(.text)
    __user_perthread_libspace                0x08000395   Thumb Code     0  libspace.o(.text)
    __I$use$semihosting                      0x0800039d   Thumb Code     0  use_no_semi.o(.text)
    __use_no_semihosting_swi                 0x0800039d   Thumb Code     2  use_no_semi.o(.text)
    __semihosting_library_function           0x0800039f   Thumb Code     0  indicate_semi.o(.text)
    _sys_exit                                0x080003a1   Thumb Code     8  sys_exit.o(.text)
    AT24CXX_Init                             0x080003ad   Thumb Code     8  24cxx.o(i.AT24CXX_Init)
    Adc_Init                                 0x080003b5   Thumb Code   334  adc.o(i.Adc_Init)
    App_Task1                                0x08000519   Thumb Code    38  mytask.o(i.App_Task1)
    App_Task2                                0x0800053f   Thumb Code     4  mytask.o(i.App_Task2)
    BusFault_Handler                         0x08000543   Thumb Code     4  stm32f10x_it.o(i.BusFault_Handler)
    Buzzer_Init                              0x08000549   Thumb Code    22  buzzer.o(i.Buzzer_Init)
    DHT11_COM                                0x08000565   Thumb Code   262  dht11.o(i.DHT11_COM)
    DHT11_GET_RH                             0x08000679   Thumb Code   474  dht11.o(i.DHT11_GET_RH)
    DHT11_init                               0x08000871   Thumb Code    82  dht11.o(i.DHT11_init)
    DebugMon_Handler                         0x080008cd   Thumb Code     2  stm32f10x_it.o(i.DebugMon_Handler)
    Draw_Button                              0x080008d1   Thumb Code   326  gui.o(i.Draw_Button)
    Draw_Circle                              0x08000a1d   Thumb Code   154  gui.o(i.Draw_Circle)
    Draw_Fill_Rectangle                      0x08000ab9   Thumb Code   110  gui.o(i.Draw_Fill_Rectangle)
    Draw_Line                                0x08000b2d   Thumb Code   176  gui.o(i.Draw_Line)
    Draw_Point                               0x08000bdd   Thumb Code    24  gui.o(i.Draw_Point)
    GPIO_Init                                0x08000bf5   Thumb Code   278  stm32f10x_gpio.o(i.GPIO_Init)
    GPIO_ReadInputDataBit                    0x08000d0b   Thumb Code    18  stm32f10x_gpio.o(i.GPIO_ReadInputDataBit)
    GPIO_ResetBits                           0x08000d1d   Thumb Code     4  stm32f10x_gpio.o(i.GPIO_ResetBits)
    GPIO_SetBits                             0x08000d21   Thumb Code     4  stm32f10x_gpio.o(i.GPIO_SetBits)
    GUI_DrawPoint                            0x08000d25   Thumb Code    24  gui.o(i.GUI_DrawPoint)
    Get_HzMat                                0x08000d3d   Thumb Code   214  fontupdate.o(i.Get_HzMat)
    HardFault_Handler                        0x08000e19   Thumb Code     4  stm32f10x_it.o(i.HardFault_Handler)
    IIC_Init                                 0x08000e1d   Thumb Code    52  myiic.o(i.IIC_Init)
    LCD_Clear                                0x08000e59   Thumb Code    88  lcd.o(i.LCD_Clear)
    LCD_DrawPoint                            0x08000ebd   Thumb Code    24  lcd.o(i.LCD_DrawPoint)
    LCD_GPIOInit                             0x08000ed9   Thumb Code   110  lcd.o(i.LCD_GPIOInit)
    LCD_Init                                 0x08000f55   Thumb Code   592  lcd.o(i.LCD_Init)
    LCD_RESET                                0x080011a9   Thumb Code    28  lcd.o(i.LCD_RESET)
    LCD_SetCursor                            0x080011c9   Thumb Code    20  lcd.o(i.LCD_SetCursor)
    LCD_SetWindows                           0x080011dd   Thumb Code    84  lcd.o(i.LCD_SetWindows)
    LCD_ShowChar                             0x08001235   Thumb Code   276  gui.o(i.LCD_ShowChar)
    LCD_ShowNum                              0x08001359   Thumb Code   168  gui.o(i.LCD_ShowNum)
    LCD_WR_DATA                              0x08001409   Thumb Code    36  lcd.o(i.LCD_WR_DATA)
    LCD_WR_REG                               0x08001435   Thumb Code    36  lcd.o(i.LCD_WR_REG)
    LCD_WriteRAM_Prepare                     0x08001461   Thumb Code    12  lcd.o(i.LCD_WriteRAM_Prepare)
    LCD_WriteReg                             0x08001471   Thumb Code    20  lcd.o(i.LCD_WriteReg)
    LCD_direction                            0x08001485   Thumb Code   128  lcd.o(i.LCD_direction)
    LED_Init                                 0x08001509   Thumb Code    48  led.o(i.LED_Init)
    Lcd_WriteData_16Bit                      0x0800153d   Thumb Code    42  lcd.o(i.Lcd_WriteData_16Bit)
    MemManage_Handler                        0x08001571   Thumb Code     4  stm32f10x_it.o(i.MemManage_Handler)
    Mytask_Init                              0x08001575   Thumb Code    54  mytask.o(i.Mytask_Init)
    NMI_Handler                              0x080015cd   Thumb Code     2  stm32f10x_it.o(i.NMI_Handler)
    NVIC_PriorityGroupConfig                 0x080015d1   Thumb Code    10  misc.o(i.NVIC_PriorityGroupConfig)
    RCC_APB1PeriphClockCmd                   0x080015e5   Thumb Code    26  stm32f10x_rcc.o(i.RCC_APB1PeriphClockCmd)
    RCC_APB2PeriphClockCmd                   0x08001605   Thumb Code    26  stm32f10x_rcc.o(i.RCC_APB2PeriphClockCmd)
    SPI2_Init                                0x08001625   Thumb Code   132  spi.o(i.SPI2_Init)
    SPI2_RW_Byte                             0x080016b1   Thumb Code    82  spi.o(i.SPI2_RW_Byte)
    SPI3_RW_Byte                             0x08001709   Thumb Code    82  spi.o(i.SPI3_RW_Byte)
    SPI_Cmd                                  0x08001761   Thumb Code    24  stm32f10x_spi.o(i.SPI_Cmd)
    SPI_Flash_Read                           0x08001779   Thumb Code    78  flash.o(i.SPI_Flash_Read)
    SPI_Init                                 0x080017cd   Thumb Code    60  stm32f10x_spi.o(i.SPI_Init)
    ShowChar                                 0x080018f1   Thumb Code   276  gui.o(i.ShowChar)
    ShowFont                                 0x08001a15   Thumb Code   190  gui.o(i.ShowFont)
    ShowFontStr                              0x08001ad5   Thumb Code   148  gui.o(i.ShowFontStr)
    ShowFontStrButton                        0x08001b6d   Thumb Code    66  gui.o(i.ShowFontStrButton)
    SysTick_CLKSourceConfig                  0x08001baf   Thumb Code    40  misc.o(i.SysTick_CLKSourceConfig)
    SysTick_Handler                          0x08001bd9   Thumb Code    46  port.o(i.SysTick_Handler)
    SysTick_Init                             0x08001c0d   Thumb Code    42  delay.o(i.SysTick_Init)
    SystemInit                               0x08001c41   Thumb Code    82  system_stm32f10x.o(i.SystemInit)
    TIM1_PWM_init                            0x08001d21   Thumb Code   154  pwm.o(i.TIM1_PWM_init)
    UsageFault_Handler                       0x08001dc9   Thumb Code     4  stm32f10x_it.o(i.UsageFault_Handler)
    _draw_circle_8                           0x08001dcd   Thumb Code   132  gui.o(i._draw_circle_8)
    delay_ms                                 0x08001e51   Thumb Code    12  delay.o(i.delay_ms)
    delay_us                                 0x08001e5d   Thumb Code    86  delay.o(i.delay_us)
    main                                     0x08001eb3   Thumb Code    28  main.o(i.main)
    mypow                                    0x08001ecf   Thumb Code    22  gui.o(i.mypow)
    pvPortMalloc                             0x08002311   Thumb Code   208  heap_4.o(i.pvPortMalloc)
    pxPortInitialiseStack                    0x080023f5   Thumb Code    30  port.o(i.pxPortInitialiseStack)
    thermometer_app                          0x08002419   Thumb Code  3802  thermometer_app.o(i.thermometer_app)
    uxListRemove                             0x08003301   Thumb Code    40  list.o(i.uxListRemove)
    vListInitialise                          0x08003329   Thumb Code    26  list.o(i.vListInitialise)
    vListInitialiseItem                      0x08003343   Thumb Code     6  list.o(i.vListInitialiseItem)
    vListInsert                              0x08003349   Thumb Code    52  list.o(i.vListInsert)
    vPortEnterCritical                       0x0800337d   Thumb Code    30  port.o(i.vPortEnterCritical)
    vPortExitCritical                        0x080033a1   Thumb Code    28  port.o(i.vPortExitCritical)
    vPortFree                                0x080033c1   Thumb Code    68  heap_4.o(i.vPortFree)
    vPortSetupTimerInterrupt                 0x0800340d   Thumb Code    20  port.o(i.vPortSetupTimerInterrupt)
    vTaskDelay                               0x08003425   Thumb Code    46  tasks.o(i.vTaskDelay)
    vTaskStartScheduler                      0x08003459   Thumb Code    78  tasks.o(i.vTaskStartScheduler)
    vTaskSuspendAll                          0x080034c9   Thumb Code    12  tasks.o(i.vTaskSuspendAll)
    vTaskSwitchContext                       0x080034d9   Thumb Code    76  tasks.o(i.vTaskSwitchContext)
    xPortStartScheduler                      0x08003539   Thumb Code    42  port.o(i.xPortStartScheduler)
    xTaskCreate                              0x0800356d   Thumb Code   104  tasks.o(i.xTaskCreate)
    xTaskIncrementTick                       0x080035d5   Thumb Code   356  tasks.o(i.xTaskIncrementTick)
    xTaskResumeAll                           0x08003765   Thumb Code   310  tasks.o(i.xTaskResumeAll)
    __aeabi_fadd                             0x080038c1   Thumb Code     0  faddsub_clz.o(x$fpl$fadd)
    _fadd                                    0x080038c1   Thumb Code   196  faddsub_clz.o(x$fpl$fadd)
    __fpl_fcmp_Inf                           0x08003985   Thumb Code    24  fcmpi.o(x$fpl$fcmpinf)
    __aeabi_fdiv                             0x0800399d   Thumb Code     0  fdiv.o(x$fpl$fdiv)
    _fdiv                                    0x0800399d   Thumb Code   384  fdiv.o(x$fpl$fdiv)
    __aeabi_cfcmpeq                          0x08003b21   Thumb Code     0  feqf.o(x$fpl$feqf)
    _fcmpeq                                  0x08003b21   Thumb Code   104  feqf.o(x$fpl$feqf)
    __aeabi_f2iz                             0x08003b89   Thumb Code     0  ffix.o(x$fpl$ffix)
    _ffix                                    0x08003b89   Thumb Code    54  ffix.o(x$fpl$ffix)
    __aeabi_f2uiz                            0x08003bc1   Thumb Code     0  ffixu.o(x$fpl$ffixu)
    _ffixu                                   0x08003bc1   Thumb Code    62  ffixu.o(x$fpl$ffixu)
    __aeabi_i2f                              0x08003c01   Thumb Code     0  fflt_clz.o(x$fpl$fflt)
    _fflt                                    0x08003c01   Thumb Code    48  fflt_clz.o(x$fpl$fflt)
    __aeabi_ui2f                             0x08003c31   Thumb Code     0  fflt_clz.o(x$fpl$ffltu)
    _ffltu                                   0x08003c31   Thumb Code    38  fflt_clz.o(x$fpl$ffltu)
    __aeabi_cfcmple                          0x08003c59   Thumb Code     0  fleqf.o(x$fpl$fleqf)
    _fcmple                                  0x08003c59   Thumb Code   104  fleqf.o(x$fpl$fleqf)
    __fpl_fcmple_InfNaN                      0x08003cab   Thumb Code     0  fleqf.o(x$fpl$fleqf)
    __aeabi_fmul                             0x08003cc1   Thumb Code     0  fmul.o(x$fpl$fmul)
    _fmul                                    0x08003cc1   Thumb Code   258  fmul.o(x$fpl$fmul)
    __fpl_fnaninf                            0x08003dc3   Thumb Code   140  fnaninf.o(x$fpl$fnaninf)
    __fpl_fretinf                            0x08003e4f   Thumb Code    10  fretinf.o(x$fpl$fretinf)
    __aeabi_cfrcmple                         0x08003e59   Thumb Code     0  frleqf.o(x$fpl$frleqf)
    _frcmple                                 0x08003e59   Thumb Code    98  frleqf.o(x$fpl$frleqf)
    __aeabi_frsub                            0x08003ebb   Thumb Code     0  faddsub_clz.o(x$fpl$frsb)
    _frsb                                    0x08003ebb   Thumb Code    20  faddsub_clz.o(x$fpl$frsb)
    __aeabi_fsub                             0x08003ed1   Thumb Code     0  faddsub_clz.o(x$fpl$fsub)
    _fsub                                    0x08003ed1   Thumb Code   234  faddsub_clz.o(x$fpl$fsub)
    __I$use$fp                               0x08003fba   Number         0  usenofp.o(x$fpl$usenofp)
    asc2_1206                                0x08003fba   Data        1140  gui.o(.constdata)
    asc2_1608                                0x0800442e   Data        1520  gui.o(.constdata)
    tfont16                                  0x08004a1e   Data        2108  gui.o(.constdata)
    tfont24                                  0x0800525a   Data         518  gui.o(.constdata)
    tfont32                                  0x08005460   Data         520  gui.o(.constdata)
    Region$$Table$$Base                      0x08005668   Number         0  anon$$obj.o(Region$$Table)
    Region$$Table$$Limit                     0x080056a8   Number         0  anon$$obj.o(Region$$Table)
    fac_us                                   0x20000000   Data           4  delay.o(.data)
    fac_ms                                   0x20000004   Data           4  delay.o(.data)
    POINT_COLOR                              0x20000008   Data           2  lcd.o(.data)
    BACK_COLOR                               0x2000000a   Data           2  lcd.o(.data)
    DeviceCode                               0x2000000c   Data           2  lcd.o(.data)
    DHT11_record                             0x2000000e   Data           5  dht11.o(.data)
    U8FLAG                                   0x20000013   Data           1  dht11.o(.data)
    U8temp                                   0x20000014   Data           1  dht11.o(.data)
    U8DHT11_COMdata                          0x20000015   Data           1  dht11.o(.data)
    pxCurrentTCB                             0x20000018   Data           4  tasks.o(.data)
    uxTopUsedPriority                        0x20000050   Data           4  tasks.o(.data)
    lcddev                                   0x2000005c   Data          14  lcd.o(.bss)
    rx_buff                                  0x2000006a   Data          10  lcd.o(.bss)
    TH_RH                                    0x20000074   Data          12  dht11.o(.bss)
    ftinfo                                   0x200001ac   Data          36  fontupdate.o(.bss)
    __libspace_start                         0x200001d0   Data          96  libspace.o(.bss)
    __temporary_stack_top$libspace           0x20000230   Data           0  libspace.o(.bss)



==============================================================================

Memory Map of the image

  Image Entry point : 0x08000131

  Load Region LR_IROM1 (Base: 0x08000000, Size: 0x00005720, Max: 0x00080000, ABSOLUTE)

    Execution Region ER_IROM1 (Exec base: 0x08000000, Load base: 0x08000000, Size: 0x000056a8, Max: 0x00080000, ABSOLUTE)

    Exec Addr    Load Addr    Size         Type   Attr      Idx    E Section Name        Object

    0x08000000   0x08000000   0x00000130   Data   RO           19    RESET               startup_stm32f10x_hd.o
    0x08000130   0x08000130   0x00000008   Code   RO         6062  * !!!main             c_w.l(__main.o)
    0x08000138   0x08000138   0x00000034   Code   RO         6492    !!!scatter          c_w.l(__scatter.o)
    0x0800016c   0x0800016c   0x0000001a   Code   RO         6494    !!handler_copy      c_w.l(__scatter_copy.o)
    0x08000186   0x08000186   0x00000002   PAD
    0x08000188   0x08000188   0x0000001c   Code   RO         6496    !!handler_zi        c_w.l(__scatter_zi.o)
    0x080001a4   0x080001a4   0x00000002   Code   RO         6283    .ARM.Collect$$libinit$$00000000  c_w.l(libinit.o)
    0x080001a6   0x080001a6   0x00000000   Code   RO         6285    .ARM.Collect$$libinit$$00000002  c_w.l(libinit2.o)
    0x080001a6   0x080001a6   0x00000000   Code   RO         6287    .ARM.Collect$$libinit$$00000004  c_w.l(libinit2.o)
    0x080001a6   0x080001a6   0x00000000   Code   RO         6290    .ARM.Collect$$libinit$$0000000A  c_w.l(libinit2.o)
    0x080001a6   0x080001a6   0x00000000   Code   RO         6292    .ARM.Collect$$libinit$$0000000C  c_w.l(libinit2.o)
    0x080001a6   0x080001a6   0x00000000   Code   RO         6294    .ARM.Collect$$libinit$$0000000E  c_w.l(libinit2.o)
    0x080001a6   0x080001a6   0x00000000   Code   RO         6297    .ARM.Collect$$libinit$$00000011  c_w.l(libinit2.o)
    0x080001a6   0x080001a6   0x00000000   Code   RO         6299    .ARM.Collect$$libinit$$00000013  c_w.l(libinit2.o)
    0x080001a6   0x080001a6   0x00000000   Code   RO         6301    .ARM.Collect$$libinit$$00000015  c_w.l(libinit2.o)
    0x080001a6   0x080001a6   0x00000000   Code   RO         6303    .ARM.Collect$$libinit$$00000017  c_w.l(libinit2.o)
    0x080001a6   0x080001a6   0x00000000   Code   RO         6305    .ARM.Collect$$libinit$$00000019  c_w.l(libinit2.o)
    0x080001a6   0x080001a6   0x00000000   Code   RO         6307    .ARM.Collect$$libinit$$0000001B  c_w.l(libinit2.o)
    0x080001a6   0x080001a6   0x00000000   Code   RO         6309    .ARM.Collect$$libinit$$0000001D  c_w.l(libinit2.o)
    0x080001a6   0x080001a6   0x00000000   Code   RO         6311    .ARM.Collect$$libinit$$0000001F  c_w.l(libinit2.o)
    0x080001a6   0x080001a6   0x00000000   Code   RO         6313    .ARM.Collect$$libinit$$00000021  c_w.l(libinit2.o)
    0x080001a6   0x080001a6   0x00000000   Code   RO         6315    .ARM.Collect$$libinit$$00000023  c_w.l(libinit2.o)
    0x080001a6   0x080001a6   0x00000000   Code   RO         6317    .ARM.Collect$$libinit$$00000025  c_w.l(libinit2.o)
    0x080001a6   0x080001a6   0x00000000   Code   RO         6321    .ARM.Collect$$libinit$$0000002C  c_w.l(libinit2.o)
    0x080001a6   0x080001a6   0x00000000   Code   RO         6323    .ARM.Collect$$libinit$$0000002E  c_w.l(libinit2.o)
    0x080001a6   0x080001a6   0x00000000   Code   RO         6325    .ARM.Collect$$libinit$$00000030  c_w.l(libinit2.o)
    0x080001a6   0x080001a6   0x00000000   Code   RO         6327    .ARM.Collect$$libinit$$00000032  c_w.l(libinit2.o)
    0x080001a6   0x080001a6   0x00000002   Code   RO         6328    .ARM.Collect$$libinit$$00000033  c_w.l(libinit2.o)
    0x080001a8   0x080001a8   0x00000002   Code   RO         6473    .ARM.Collect$$libshutdown$$00000000  c_w.l(libshutdown.o)
    0x080001aa   0x080001aa   0x00000000   Code   RO         6330    .ARM.Collect$$libshutdown$$00000002  c_w.l(libshutdown2.o)
    0x080001aa   0x080001aa   0x00000000   Code   RO         6332    .ARM.Collect$$libshutdown$$00000004  c_w.l(libshutdown2.o)
    0x080001aa   0x080001aa   0x00000000   Code   RO         6334    .ARM.Collect$$libshutdown$$00000006  c_w.l(libshutdown2.o)
    0x080001aa   0x080001aa   0x00000000   Code   RO         6337    .ARM.Collect$$libshutdown$$00000009  c_w.l(libshutdown2.o)
    0x080001aa   0x080001aa   0x00000000   Code   RO         6340    .ARM.Collect$$libshutdown$$0000000C  c_w.l(libshutdown2.o)
    0x080001aa   0x080001aa   0x00000000   Code   RO         6342    .ARM.Collect$$libshutdown$$0000000E  c_w.l(libshutdown2.o)
    0x080001aa   0x080001aa   0x00000000   Code   RO         6345    .ARM.Collect$$libshutdown$$00000011  c_w.l(libshutdown2.o)
    0x080001aa   0x080001aa   0x00000002   Code   RO         6346    .ARM.Collect$$libshutdown$$00000012  c_w.l(libshutdown2.o)
    0x080001ac   0x080001ac   0x00000000   Code   RO         6124    .ARM.Collect$$rtentry$$00000000  c_w.l(__rtentry.o)
    0x080001ac   0x080001ac   0x00000000   Code   RO         6156    .ARM.Collect$$rtentry$$00000002  c_w.l(__rtentry2.o)
    0x080001ac   0x080001ac   0x00000006   Code   RO         6168    .ARM.Collect$$rtentry$$00000004  c_w.l(__rtentry4.o)
    0x080001b2   0x080001b2   0x00000000   Code   RO         6158    .ARM.Collect$$rtentry$$00000009  c_w.l(__rtentry2.o)
    0x080001b2   0x080001b2   0x00000004   Code   RO         6159    .ARM.Collect$$rtentry$$0000000A  c_w.l(__rtentry2.o)
    0x080001b6   0x080001b6   0x00000000   Code   RO         6161    .ARM.Collect$$rtentry$$0000000C  c_w.l(__rtentry2.o)
    0x080001b6   0x080001b6   0x00000008   Code   RO         6162    .ARM.Collect$$rtentry$$0000000D  c_w.l(__rtentry2.o)
    0x080001be   0x080001be   0x00000002   Code   RO         6355    .ARM.Collect$$rtexit$$00000000  c_w.l(rtexit.o)
    0x080001c0   0x080001c0   0x00000000   Code   RO         6411    .ARM.Collect$$rtexit$$00000002  c_w.l(rtexit2.o)
    0x080001c0   0x080001c0   0x00000004   Code   RO         6412    .ARM.Collect$$rtexit$$00000003  c_w.l(rtexit2.o)
    0x080001c4   0x080001c4   0x00000006   Code   RO         6413    .ARM.Collect$$rtexit$$00000004  c_w.l(rtexit2.o)
    0x080001ca   0x080001ca   0x00000002   PAD
    0x080001cc   0x080001cc   0x00000096   Code   RO         4957    .emb_text           port.o
    0x08000262   0x08000262   0x00000002   PAD
    0x08000264   0x08000264   0x00000040   Code   RO           20    .text               startup_stm32f10x_hd.o
    0x080002a4   0x080002a4   0x0000003e   Code   RO         6046    .text               c_w.l(strlen.o)
    0x080002e2   0x080002e2   0x0000004e   Code   RO         6056    .text               c_w.l(rt_memclr_w.o)
    0x08000330   0x08000330   0x00000006   Code   RO         6060    .text               c_w.l(heapauxi.o)
    0x08000336   0x08000336   0x0000004a   Code   RO         6195    .text               c_w.l(sys_stackheap_outer.o)
    0x08000380   0x08000380   0x00000012   Code   RO         6268    .text               c_w.l(exit.o)
    0x08000392   0x08000392   0x00000002   PAD
    0x08000394   0x08000394   0x00000008   Code   RO         6349    .text               c_w.l(libspace.o)
    0x0800039c   0x0800039c   0x00000002   Code   RO         6352    .text               c_w.l(use_no_semi.o)
    0x0800039e   0x0800039e   0x00000000   Code   RO         6354    .text               c_w.l(indicate_semi.o)
    0x0800039e   0x0800039e   0x00000002   PAD
    0x080003a0   0x080003a0   0x0000000c   Code   RO         6408    .text               c_w.l(sys_exit.o)
    0x080003ac   0x080003ac   0x00000008   Code   RO         3944    i.AT24CXX_Init      24cxx.o
    0x080003b4   0x080003b4   0x00000164   Code   RO         3275    i.Adc_Init          adc.o
    0x08000518   0x08000518   0x00000026   Code   RO         5943    i.App_Task1         mytask.o
    0x0800053e   0x0800053e   0x00000004   Code   RO         5944    i.App_Task2         mytask.o
    0x08000542   0x08000542   0x00000004   Code   RO          142    i.BusFault_Handler  stm32f10x_it.o
    0x08000546   0x08000546   0x00000002   PAD
    0x08000548   0x08000548   0x0000001c   Code   RO         3524    i.Buzzer_Init       buzzer.o
    0x08000564   0x08000564   0x00000114   Code   RO         3633    i.DHT11_COM         dht11.o
    0x08000678   0x08000678   0x000001f8   Code   RO         3634    i.DHT11_GET_RH      dht11.o
    0x08000870   0x08000870   0x0000005c   Code   RO         3636    i.DHT11_init        dht11.o
    0x080008cc   0x080008cc   0x00000002   Code   RO          143    i.DebugMon_Handler  stm32f10x_it.o
    0x080008ce   0x080008ce   0x00000002   PAD
    0x080008d0   0x080008d0   0x0000014c   Code   RO         3670    i.Draw_Button       gui.o
    0x08000a1c   0x08000a1c   0x0000009a   Code   RO         3671    i.Draw_Circle       gui.o
    0x08000ab6   0x08000ab6   0x00000002   PAD
    0x08000ab8   0x08000ab8   0x00000074   Code   RO         3672    i.Draw_Fill_Rectangle  gui.o
    0x08000b2c   0x08000b2c   0x000000b0   Code   RO         3674    i.Draw_Line         gui.o
    0x08000bdc   0x08000bdc   0x00000018   Code   RO         3675    i.Draw_Point        gui.o
    0x08000bf4   0x08000bf4   0x00000116   Code   RO         1438    i.GPIO_Init         stm32f10x_gpio.o
    0x08000d0a   0x08000d0a   0x00000012   Code   RO         1442    i.GPIO_ReadInputDataBit  stm32f10x_gpio.o
    0x08000d1c   0x08000d1c   0x00000004   Code   RO         1445    i.GPIO_ResetBits    stm32f10x_gpio.o
    0x08000d20   0x08000d20   0x00000004   Code   RO         1446    i.GPIO_SetBits      stm32f10x_gpio.o
    0x08000d24   0x08000d24   0x00000018   Code   RO         3682    i.GUI_DrawPoint     gui.o
    0x08000d3c   0x08000d3c   0x000000dc   Code   RO         5800    i.Get_HzMat         fontupdate.o
    0x08000e18   0x08000e18   0x00000004   Code   RO          144    i.HardFault_Handler  stm32f10x_it.o
    0x08000e1c   0x08000e1c   0x0000003c   Code   RO         3309    i.IIC_Init          myiic.o
    0x08000e58   0x08000e58   0x00000064   Code   RO         3539    i.LCD_Clear         lcd.o
    0x08000ebc   0x08000ebc   0x0000001c   Code   RO         3540    i.LCD_DrawPoint     lcd.o
    0x08000ed8   0x08000ed8   0x0000007c   Code   RO         3541    i.LCD_GPIOInit      lcd.o
    0x08000f54   0x08000f54   0x00000254   Code   RO         3542    i.LCD_Init          lcd.o
    0x080011a8   0x080011a8   0x00000020   Code   RO         3543    i.LCD_RESET         lcd.o
    0x080011c8   0x080011c8   0x00000014   Code   RO         3544    i.LCD_SetCursor     lcd.o
    0x080011dc   0x080011dc   0x00000058   Code   RO         3545    i.LCD_SetWindows    lcd.o
    0x08001234   0x08001234   0x00000124   Code   RO         3689    i.LCD_ShowChar      gui.o
    0x08001358   0x08001358   0x000000b0   Code   RO         3690    i.LCD_ShowNum       gui.o
    0x08001408   0x08001408   0x0000002c   Code   RO         3546    i.LCD_WR_DATA       lcd.o
    0x08001434   0x08001434   0x0000002c   Code   RO         3547    i.LCD_WR_REG        lcd.o
    0x08001460   0x08001460   0x00000010   Code   RO         3548    i.LCD_WriteRAM_Prepare  lcd.o
    0x08001470   0x08001470   0x00000014   Code   RO         3549    i.LCD_WriteReg      lcd.o
    0x08001484   0x08001484   0x00000084   Code   RO         3550    i.LCD_direction     lcd.o
    0x08001508   0x08001508   0x00000034   Code   RO         3512    i.LED_Init          led.o
    0x0800153c   0x0800153c   0x00000034   Code   RO         3551    i.Lcd_WriteData_16Bit  lcd.o
    0x08001570   0x08001570   0x00000004   Code   RO          145    i.MemManage_Handler  stm32f10x_it.o
    0x08001574   0x08001574   0x00000058   Code   RO         5947    i.Mytask_Init       mytask.o
    0x080015cc   0x080015cc   0x00000002   Code   RO          146    i.NMI_Handler       stm32f10x_it.o
    0x080015ce   0x080015ce   0x00000002   PAD
    0x080015d0   0x080015d0   0x00000014   Code   RO          192    i.NVIC_PriorityGroupConfig  misc.o
    0x080015e4   0x080015e4   0x00000020   Code   RO         1860    i.RCC_APB1PeriphClockCmd  stm32f10x_rcc.o
    0x08001604   0x08001604   0x00000020   Code   RO         1862    i.RCC_APB2PeriphClockCmd  stm32f10x_rcc.o
    0x08001624   0x08001624   0x0000008c   Code   RO         3400    i.SPI2_Init         spi.o
    0x080016b0   0x080016b0   0x00000058   Code   RO         3401    i.SPI2_RW_Byte      spi.o
    0x08001708   0x08001708   0x00000058   Code   RO         3404    i.SPI3_RW_Byte      spi.o
    0x08001760   0x08001760   0x00000018   Code   RO         2345    i.SPI_Cmd           stm32f10x_spi.o
    0x08001778   0x08001778   0x00000054   Code   RO         4141    i.SPI_Flash_Read    flash.o
    0x080017cc   0x080017cc   0x0000003c   Code   RO         2358    i.SPI_Init          stm32f10x_spi.o
    0x08001808   0x08001808   0x00000008   Code   RO           24    i.SetSysClock       system_stm32f10x.o
    0x08001810   0x08001810   0x000000e0   Code   RO           25    i.SetSysClockTo72   system_stm32f10x.o
    0x080018f0   0x080018f0   0x00000124   Code   RO         3692    i.ShowChar          gui.o
    0x08001a14   0x08001a14   0x000000be   Code   RO         3693    i.ShowFont          gui.o
    0x08001ad2   0x08001ad2   0x00000002   PAD
    0x08001ad4   0x08001ad4   0x00000098   Code   RO         3694    i.ShowFontStr       gui.o
    0x08001b6c   0x08001b6c   0x00000042   Code   RO         3695    i.ShowFontStrButton  gui.o
    0x08001bae   0x08001bae   0x00000028   Code   RO          195    i.SysTick_CLKSourceConfig  misc.o
    0x08001bd6   0x08001bd6   0x00000002   PAD
    0x08001bd8   0x08001bd8   0x00000034   Code   RO         4958    i.SysTick_Handler   port.o
    0x08001c0c   0x08001c0c   0x00000034   Code   RO         3455    i.SysTick_Init      delay.o
    0x08001c40   0x08001c40   0x00000064   Code   RO           27    i.SystemInit        system_stm32f10x.o
    0x08001ca4   0x08001ca4   0x0000007c   Code   RO           28    i.SystemInit_ExtMemCtl  system_stm32f10x.o
    0x08001d20   0x08001d20   0x000000a8   Code   RO         3377    i.TIM1_PWM_init     pwm.o
    0x08001dc8   0x08001dc8   0x00000004   Code   RO          147    i.UsageFault_Handler  stm32f10x_it.o
    0x08001dcc   0x08001dcc   0x00000084   Code   RO         3699    i._draw_circle_8    gui.o
    0x08001e50   0x08001e50   0x0000000c   Code   RO         3456    i.delay_ms          delay.o
    0x08001e5c   0x08001e5c   0x00000056   Code   RO         3457    i.delay_us          delay.o
    0x08001eb2   0x08001eb2   0x0000001c   Code   RO         5845    i.main              main.o
    0x08001ece   0x08001ece   0x00000016   Code   RO         3702    i.mypow             gui.o
    0x08001ee4   0x08001ee4   0x000000c0   Code   RO         4651    i.prvAddCurrentTaskToDelayedList  tasks.o
    0x08001fa4   0x08001fa4   0x000000e4   Code   RO         4652    i.prvAddNewTaskToReadyList  tasks.o
    0x08002088   0x08002088   0x00000048   Code   RO         4653    i.prvCheckTasksWaitingTermination  tasks.o
    0x080020d0   0x080020d0   0x00000012   Code   RO         4654    i.prvDeleteTCB      tasks.o
    0x080020e2   0x080020e2   0x00000002   PAD
    0x080020e4   0x080020e4   0x00000070   Code   RO         5028    i.prvHeapInit       heap_4.o
    0x08002154   0x08002154   0x00000028   Code   RO         4655    i.prvIdleTask       tasks.o
    0x0800217c   0x0800217c   0x0000007a   Code   RO         4656    i.prvInitialiseNewTask  tasks.o
    0x080021f6   0x080021f6   0x00000002   PAD
    0x080021f8   0x080021f8   0x00000068   Code   RO         4657    i.prvInitialiseTaskLists  tasks.o
    0x08002260   0x08002260   0x00000068   Code   RO         5029    i.prvInsertBlockIntoFreeList  heap_4.o
    0x080022c8   0x080022c8   0x00000030   Code   RO         4658    i.prvResetNextTaskUnblockTime  tasks.o
    0x080022f8   0x080022f8   0x00000016   Code   RO         4959    i.prvTaskExitError  port.o
    0x0800230e   0x0800230e   0x00000002   PAD
    0x08002310   0x08002310   0x000000e4   Code   RO         5031    i.pvPortMalloc      heap_4.o
    0x080023f4   0x080023f4   0x00000024   Code   RO         4960    i.pxPortInitialiseStack  port.o
    0x08002418   0x08002418   0x00000ee8   Code   RO         5769    i.thermometer_app   thermometer_app.o
    0x08003300   0x08003300   0x00000028   Code   RO         4335    i.uxListRemove      list.o
    0x08003328   0x08003328   0x0000001a   Code   RO         4336    i.vListInitialise   list.o
    0x08003342   0x08003342   0x00000006   Code   RO         4337    i.vListInitialiseItem  list.o
    0x08003348   0x08003348   0x00000034   Code   RO         4338    i.vListInsert       list.o
    0x0800337c   0x0800337c   0x00000024   Code   RO         4962    i.vPortEnterCritical  port.o
    0x080033a0   0x080033a0   0x00000020   Code   RO         4963    i.vPortExitCritical  port.o
    0x080033c0   0x080033c0   0x0000004c   Code   RO         5032    i.vPortFree         heap_4.o
    0x0800340c   0x0800340c   0x00000018   Code   RO         4964    i.vPortSetupTimerInterrupt  port.o
    0x08003424   0x08003424   0x00000034   Code   RO         4666    i.vTaskDelay        tasks.o
    0x08003458   0x08003458   0x00000070   Code   RO         4678    i.vTaskStartScheduler  tasks.o
    0x080034c8   0x080034c8   0x00000010   Code   RO         4680    i.vTaskSuspendAll   tasks.o
    0x080034d8   0x080034d8   0x00000060   Code   RO         4681    i.vTaskSwitchContext  tasks.o
    0x08003538   0x08003538   0x00000034   Code   RO         4965    i.xPortStartScheduler  port.o
    0x0800356c   0x0800356c   0x00000068   Code   RO         4684    i.xTaskCreate       tasks.o
    0x080035d4   0x080035d4   0x00000190   Code   RO         4693    i.xTaskIncrementTick  tasks.o
    0x08003764   0x08003764   0x0000015c   Code   RO         4695    i.xTaskResumeAll    tasks.o
    0x080038c0   0x080038c0   0x000000c4   Code   RO         6092    x$fpl$fadd          fz_ws.l(faddsub_clz.o)
    0x08003984   0x08003984   0x00000018   Code   RO         6148    x$fpl$fcmpinf       fz_ws.l(fcmpi.o)
    0x0800399c   0x0800399c   0x00000184   Code   RO         6099    x$fpl$fdiv          fz_ws.l(fdiv.o)
    0x08003b20   0x08003b20   0x00000068   Code   RO         6102    x$fpl$feqf          fz_ws.l(feqf.o)
    0x08003b88   0x08003b88   0x00000036   Code   RO         6104    x$fpl$ffix          fz_ws.l(ffix.o)
    0x08003bbe   0x08003bbe   0x00000002   PAD
    0x08003bc0   0x08003bc0   0x0000003e   Code   RO         6108    x$fpl$ffixu         fz_ws.l(ffixu.o)
    0x08003bfe   0x08003bfe   0x00000002   PAD
    0x08003c00   0x08003c00   0x00000030   Code   RO         6113    x$fpl$fflt          fz_ws.l(fflt_clz.o)
    0x08003c30   0x08003c30   0x00000026   Code   RO         6112    x$fpl$ffltu         fz_ws.l(fflt_clz.o)
    0x08003c56   0x08003c56   0x00000002   PAD
    0x08003c58   0x08003c58   0x00000068   Code   RO         6118    x$fpl$fleqf         fz_ws.l(fleqf.o)
    0x08003cc0   0x08003cc0   0x00000102   Code   RO         6120    x$fpl$fmul          fz_ws.l(fmul.o)
    0x08003dc2   0x08003dc2   0x0000008c   Code   RO         6150    x$fpl$fnaninf       fz_ws.l(fnaninf.o)
    0x08003e4e   0x08003e4e   0x0000000a   Code   RO         6152    x$fpl$fretinf       fz_ws.l(fretinf.o)
    0x08003e58   0x08003e58   0x00000062   Code   RO         6122    x$fpl$frleqf        fz_ws.l(frleqf.o)
    0x08003eba   0x08003eba   0x00000014   Code   RO         6093    x$fpl$frsb          fz_ws.l(faddsub_clz.o)
    0x08003ece   0x08003ece   0x00000002   PAD
    0x08003ed0   0x08003ed0   0x000000ea   Code   RO         6094    x$fpl$fsub          fz_ws.l(faddsub_clz.o)
    0x08003fba   0x08003fba   0x00000000   Code   RO         6154    x$fpl$usenofp       fz_ws.l(usenofp.o)
    0x08003fba   0x08003fba   0x000016ae   Data   RO         3704    .constdata          gui.o
    0x08005668   0x08005668   0x00000040   Data   RO         6490    Region$$Table       anon$$obj.o


    Execution Region RW_IRAM1 (Exec base: 0x20000000, Load base: 0x080056a8, Size: 0x00000830, Max: 0x00010000, ABSOLUTE)

    Exec Addr    Load Addr    Size         Type   Attr      Idx    E Section Name        Object

    0x20000000   0x080056a8   0x00000008   Data   RW         3458    .data               delay.o
    0x20000008   0x080056b0   0x00000006   Data   RW         3553    .data               lcd.o
    0x2000000e   0x080056b6   0x00000008   Data   RW         3638    .data               dht11.o
    0x20000016   0x080056be   0x00000002   PAD
    0x20000018   0x080056c0   0x00000040   Data   RW         4698    .data               tasks.o
    0x20000058   0x08005700   0x00000004   Data   RW         4966    .data               port.o
    0x2000005c        -       0x00000018   Zero   RW         3552    .bss                lcd.o
    0x20000074        -       0x0000000c   Zero   RW         3637    .bss                dht11.o
    0x20000080        -       0x0000012c   Zero   RW         4697    .bss                tasks.o
    0x200001ac        -       0x00000024   Zero   RW         5805    .bss                fontupdate.o
    0x200001d0        -       0x00000060   Zero   RW         6350    .bss                c_w.l(libspace.o)
    0x20000230        -       0x00000200   Zero   RW           18    HEAP                startup_stm32f10x_hd.o
    0x20000430        -       0x00000400   Zero   RW           17    STACK               startup_stm32f10x_hd.o


    Execution Region RW_RAM1 (Exec base: 0x68000000, Load base: 0x08005704, Size: 0x000fa01c, Max: 0x00100000, ABSOLUTE)

    Exec Addr    Load Addr    Size         Type   Attr      Idx    E Section Name        Object

    0x68000000   0x08005704   0x0000001c   Data   RW         5038    .data               heap_4.o
    0x6800001c        -       0x000fa000   Zero   RW         5037    .bss                heap_4.o


==============================================================================

Image component sizes


      Code (inc. data)   RO Data    RW Data    ZI Data      Debug   Object Name

         8          0          0          0          0        447   24cxx.o
       356         22          0          0          0        543   adc.o
        28          6          0          0          0        554   buzzer.o
         0          0          0          0          0       4564   core_cm3.o
       150         10          0          8          0      16189   delay.o
       872         54          0          8         12       3131   dht11.o
         0          0          0          0          0       1076   event_groups.o
         0          0          0          0          0       2512   exfuns.o
        84          6          0          0          0       1089   flash.o
       220          6          0          0         36       2401   fontupdate.o
      2148         56       5806          0          0      12959   gui.o
       520         58          0         28    1024000       4727   heap_4.o
      1296         76          0          6         24      10865   lcd.o
        52          4          0          0          0        479   led.o
       124          0          0          0          0       2633   list.o
        28          0          0          0          0        447   main.o
        60         10          0          0          0       1005   misc.o
        60          8          0          0          0        427   myiic.o
       130         34          0          0          0       1446   mytask.o
       404         48          0          4          0       9188   port.o
       168         14          0          0          0        544   pwm.o
       316         20          0          0          0       1806   spi.o
        64         26        304          0       1536        804   startup_stm32f10x_hd.o
       304          0          0          0          0      11964   stm32f10x_gpio.o
        20          0          0          0          0       2617   stm32f10x_it.o
        64         12          0          0          0       1114   stm32f10x_rcc.o
        84          0          0          0          0       9021   stm32f10x_spi.o
       456         70          0          0          0     222337   system_stm32f10x.o
      1952        264          0         64        300      25987   tasks.o
      3816        126          0          0          0       2655   thermometer_app.o

    ----------------------------------------------------------------------
     13804        930       6174        120    1025908     355531   Object Totals
         0          0         64          0          0          0   (incl. Generated)
        20          0          0          2          0          0   (incl. Padding)

    ----------------------------------------------------------------------

      Code (inc. data)   RO Data    RW Data    ZI Data      Debug   Library Member Name

         8          0          0          0          0         68   __main.o
         0          0          0          0          0          0   __rtentry.o
        12          0          0          0          0          0   __rtentry2.o
         6          0          0          0          0          0   __rtentry4.o
        52          8          0          0          0          0   __scatter.o
        26          0          0          0          0          0   __scatter_copy.o
        28          0          0          0          0          0   __scatter_zi.o
        18          0          0          0          0         80   exit.o
         6          0          0          0          0        152   heapauxi.o
         0          0          0          0          0          0   indicate_semi.o
         2          0          0          0          0          0   libinit.o
         2          0          0          0          0          0   libinit2.o
         2          0          0          0          0          0   libshutdown.o
         2          0          0          0          0          0   libshutdown2.o
         8          4          0          0         96         68   libspace.o
        78          0          0          0          0         80   rt_memclr_w.o
         2          0          0          0          0          0   rtexit.o
        10          0          0          0          0          0   rtexit2.o
        62          0          0          0          0         76   strlen.o
        12          4          0          0          0         68   sys_exit.o
        74          0          0          0          0         80   sys_stackheap_outer.o
         2          0          0          0          0         68   use_no_semi.o
       450          8          0          0          0        236   faddsub_clz.o
        24          0          0          0          0         68   fcmpi.o
       388         76          0          0          0         96   fdiv.o
       104          4          0          0          0         84   feqf.o
        54          4          0          0          0         84   ffix.o
        62          4          0          0          0         84   ffixu.o
        86          0          0          0          0        136   fflt_clz.o
       104          4          0          0          0         84   fleqf.o
       258          4          0          0          0         84   fmul.o
       140          4          0          0          0         84   fnaninf.o
        10          0          0          0          0         68   fretinf.o
        98          0          0          0          0         68   frleqf.o
         0          0          0          0          0          0   usenofp.o

    ----------------------------------------------------------------------
      2206        124          0          0         96       1916   Library Totals
        16          0          0          0          0          0   (incl. Padding)

    ----------------------------------------------------------------------

      Code (inc. data)   RO Data    RW Data    ZI Data      Debug   Library Name

       412         16          0          0         96        740   c_w.l
      1778        108          0          0          0       1176   fz_ws.l

    ----------------------------------------------------------------------
      2206        124          0          0         96       1916   Library Totals

    ----------------------------------------------------------------------

==============================================================================


      Code (inc. data)   RO Data    RW Data    ZI Data      Debug   

     16010       1054       6174        120    1026004     351463   Grand Totals
     16010       1054       6174        120    1026004     351463   ELF Image Totals
     16010       1054       6174        120          0          0   ROM Totals

==============================================================================

    Total RO  Size (Code + RO Data)                22184 (  21.66kB)
    Total RW  Size (RW Data + ZI Data)           1026124 (1002.07kB)
    Total ROM Size (Code + RO Data + RW Data)      22304 (  21.78kB)

==============================================================================

